
*** Running vivado
    with args -log topMod.vds -m64 -product Vivado -mode batch -messageDb vivado.pb -notrace -source topMod.tcl



****** Vivado v2024.2 (64-bit)
  **** SW Build 5239630 on Fri Nov 08 22:35:27 MST 2024
  **** IP Build 5239520 on Sun Nov 10 16:12:51 MST 2024
  **** SharedData Build 5239561 on Fri Nov 08 14:39:27 MST 2024
  **** Start of session at: Mon Apr  7 09:56:13 2025
    ** Copyright 1986-2022 Xilinx, Inc. All Rights Reserved.
    ** Copyright 2022-2024 Advanced Micro Devices, Inc. All Rights Reserved.

source topMod.tcl -notrace
Command: read_checkpoint -auto_incremental -incremental C:/CSEE4280Workpace/final_Project/uartTransmit_vivado/vivado/project_1/project_1.srcs/utils_1/imports/synth_1/topMod.dcp
INFO: [Vivado 12-5825] Read reference checkpoint from C:/CSEE4280Workpace/final_Project/uartTransmit_vivado/vivado/project_1/project_1.srcs/utils_1/imports/synth_1/topMod.dcp for incremental synthesis
INFO: [Vivado 12-7989] Please ensure there are no constraint changes
Command: synth_design -top topMod -part xc7a100tcsg324-1
Starting synth_design
Attempting to get a license for feature 'Synthesis' and/or device 'xc7a100t'
INFO: [Common 17-349] Got license for feature 'Synthesis' and/or device 'xc7a100t'
INFO: [Device 21-403] Loading part xc7a100tcsg324-1
INFO: [Designutils 20-5440] No compile time benefit to using incremental synthesis; A full resynthesis will be run
INFO: [Designutils 20-4379] Flow is switching to default flow due to incremental criteria not met. If you would like to alter this behaviour and have the flow terminate instead, please set the following parameter config_implementation {autoIncr.Synth.RejectBehavior Terminate}
INFO: [Synth 8-7079] Multithreading enabled for synth_design using a maximum of 2 processes.
INFO: [Synth 8-7078] Launching helper process for spawning children vivado processes
INFO: [Synth 8-7075] Helper process launched with PID 74352
---------------------------------------------------------------------------------
Starting RTL Elaboration : Time (s): cpu = 00:00:06 ; elapsed = 00:00:06 . Memory (MB): peak = 1047.168 ; gain = 469.262
---------------------------------------------------------------------------------
INFO: [Synth 8-6157] synthesizing module 'topMod' [C:/CSEE4280Workpace/final_Project/uartTransmit_vivado/topModule.v:3]
INFO: [Synth 8-6157] synthesizing module 'fpgaMain_transmit' [C:/CSEE4280Workpace/final_Project/uartTransmit_vivado/vivado/project_1/project_1.srcs/sources_1/new/fpgaMain_transmit.v:1]
INFO: [Synth 8-6155] done synthesizing module 'fpgaMain_transmit' (0#1) [C:/CSEE4280Workpace/final_Project/uartTransmit_vivado/vivado/project_1/project_1.srcs/sources_1/new/fpgaMain_transmit.v:1]
INFO: [Synth 8-6157] synthesizing module 'transmit_uart' [C:/CSEE4280Workpace/final_Project/uartTransmit_vivado/transmit_uart.v:1]
INFO: [Synth 8-226] default block is never used [C:/CSEE4280Workpace/final_Project/uartTransmit_vivado/transmit_uart.v:39]
INFO: [Synth 8-6155] done synthesizing module 'transmit_uart' (0#1) [C:/CSEE4280Workpace/final_Project/uartTransmit_vivado/transmit_uart.v:1]
INFO: [Synth 8-6157] synthesizing module 'baudRate' [C:/CSEE4280Workpace/final_Project/uartTransmit_vivado/vivado/project_1/project_1.srcs/sources_1/new/baudRate.v:1]
INFO: [Synth 8-226] default block is never used [C:/CSEE4280Workpace/final_Project/uartTransmit_vivado/vivado/project_1/project_1.srcs/sources_1/new/baudRate.v:33]
INFO: [Synth 8-6155] done synthesizing module 'baudRate' (0#1) [C:/CSEE4280Workpace/final_Project/uartTransmit_vivado/vivado/project_1/project_1.srcs/sources_1/new/baudRate.v:1]
INFO: [Synth 8-6157] synthesizing module 'transmit_fifo' [C:/CSEE4280Workpace/final_Project/uartTransmit_vivado/transmit_fifo.v:25]
INFO: [Synth 8-226] default block is never used [C:/CSEE4280Workpace/final_Project/uartTransmit_vivado/transmit_fifo.v:44]
INFO: [Synth 8-6155] done synthesizing module 'transmit_fifo' (0#1) [C:/CSEE4280Workpace/final_Project/uartTransmit_vivado/transmit_fifo.v:25]
INFO: [Synth 8-6155] done synthesizing module 'topMod' (0#1) [C:/CSEE4280Workpace/final_Project/uartTransmit_vivado/topModule.v:3]
WARNING: [Synth 8-6014] Unused sequential element state_reg was removed.  [C:/CSEE4280Workpace/final_Project/uartTransmit_vivado/vivado/project_1/project_1.srcs/sources_1/new/fpgaMain_transmit.v:28]
WARNING: [Synth 8-7129] Port switchInputs[2] in module fpgaMain_transmit is either unconnected or has no load
WARNING: [Synth 8-7129] Port switchInputs[1] in module fpgaMain_transmit is either unconnected or has no load
---------------------------------------------------------------------------------
Finished RTL Elaboration : Time (s): cpu = 00:00:07 ; elapsed = 00:00:08 . Memory (MB): peak = 1153.785 ; gain = 575.879
---------------------------------------------------------------------------------
---------------------------------------------------------------------------------
Start Handling Custom Attributes
---------------------------------------------------------------------------------
---------------------------------------------------------------------------------
Finished Handling Custom Attributes : Time (s): cpu = 00:00:07 ; elapsed = 00:00:08 . Memory (MB): peak = 1153.785 ; gain = 575.879
---------------------------------------------------------------------------------
---------------------------------------------------------------------------------
Finished RTL Optimization Phase 1 : Time (s): cpu = 00:00:07 ; elapsed = 00:00:08 . Memory (MB): peak = 1153.785 ; gain = 575.879
---------------------------------------------------------------------------------
Netlist sorting complete. Time (s): cpu = 00:00:00 ; elapsed = 00:00:00.002 . Memory (MB): peak = 1153.785 ; gain = 0.000
INFO: [Project 1-570] Preparing netlist for logic optimization

Processing XDC Constraints
Initializing timing engine
Parsing XDC File [C:/CSEE4280Workpace/final_Project/uartTransmit_vivado/master.xdc]
WARNING: [Vivado 12-584] No ports matched 'JA[2]'. [C:/CSEE4280Workpace/final_Project/uartTransmit_vivado/master.xdc:88]
CRITICAL WARNING: [Common 17-55] 'set_property' expects at least one object. [C:/CSEE4280Workpace/final_Project/uartTransmit_vivado/master.xdc:88]
Resolution: If [get_<value>] was used to populate the object, check to make sure this command returns at least one valid object.
WARNING: [Vivado 12-584] No ports matched 'JA[3]'. [C:/CSEE4280Workpace/final_Project/uartTransmit_vivado/master.xdc:89]
CRITICAL WARNING: [Common 17-55] 'set_property' expects at least one object. [C:/CSEE4280Workpace/final_Project/uartTransmit_vivado/master.xdc:89]
Resolution: If [get_<value>] was used to populate the object, check to make sure this command returns at least one valid object.
WARNING: [Vivado 12-584] No ports matched 'JA[4]'. [C:/CSEE4280Workpace/final_Project/uartTransmit_vivado/master.xdc:90]
CRITICAL WARNING: [Common 17-55] 'set_property' expects at least one object. [C:/CSEE4280Workpace/final_Project/uartTransmit_vivado/master.xdc:90]
Resolution: If [get_<value>] was used to populate the object, check to make sure this command returns at least one valid object.
WARNING: [Vivado 12-584] No ports matched 'JA[7]'. [C:/CSEE4280Workpace/final_Project/uartTransmit_vivado/master.xdc:91]
CRITICAL WARNING: [Common 17-55] 'set_property' expects at least one object. [C:/CSEE4280Workpace/final_Project/uartTransmit_vivado/master.xdc:91]
Resolution: If [get_<value>] was used to populate the object, check to make sure this command returns at least one valid object.
WARNING: [Vivado 12-584] No ports matched 'JA[8]'. [C:/CSEE4280Workpace/final_Project/uartTransmit_vivado/master.xdc:92]
CRITICAL WARNING: [Common 17-55] 'set_property' expects at least one object. [C:/CSEE4280Workpace/final_Project/uartTransmit_vivado/master.xdc:92]
Resolution: If [get_<value>] was used to populate the object, check to make sure this command returns at least one valid object.
WARNING: [Vivado 12-584] No ports matched 'JA[9]'. [C:/CSEE4280Workpace/final_Project/uartTransmit_vivado/master.xdc:93]
CRITICAL WARNING: [Common 17-55] 'set_property' expects at least one object. [C:/CSEE4280Workpace/final_Project/uartTransmit_vivado/master.xdc:93]
Resolution: If [get_<value>] was used to populate the object, check to make sure this command returns at least one valid object.
WARNING: [Vivado 12-584] No ports matched 'JA[10]'. [C:/CSEE4280Workpace/final_Project/uartTransmit_vivado/master.xdc:94]
CRITICAL WARNING: [Common 17-55] 'set_property' expects at least one object. [C:/CSEE4280Workpace/final_Project/uartTransmit_vivado/master.xdc:94]
Resolution: If [get_<value>] was used to populate the object, check to make sure this command returns at least one valid object.
Finished Parsing XDC File [C:/CSEE4280Workpace/final_Project/uartTransmit_vivado/master.xdc]
INFO: [Project 1-236] Implementation specific constraints were found while reading constraint file [C:/CSEE4280Workpace/final_Project/uartTransmit_vivado/master.xdc]. These constraints will be ignored for synthesis but will be used in implementation. Impacted constraints are listed in the file [.Xil/topMod_propImpl.xdc].
Resolution: To avoid this warning, move constraints listed in [.Xil/topMod_propImpl.xdc] to another XDC file and exclude this new file from synthesis with the used_in_synthesis property (File Properties dialog in GUI) and re-run elaboration/synthesis.
Completed Processing XDC Constraints

Netlist sorting complete. Time (s): cpu = 00:00:00 ; elapsed = 00:00:00 . Memory (MB): peak = 1241.320 ; gain = 0.000
INFO: [Project 1-111] Unisim Transformation Summary:
No Unisim elements were transformed.

Constraint Validation Runtime : Time (s): cpu = 00:00:00 ; elapsed = 00:00:00.003 . Memory (MB): peak = 1241.320 ; gain = 0.000
INFO: [Designutils 20-5440] No compile time benefit to using incremental synthesis; A full resynthesis will be run
INFO: [Designutils 20-4379] Flow is switching to default flow due to incremental criteria not met. If you would like to alter this behaviour and have the flow terminate instead, please set the following parameter config_implementation {autoIncr.Synth.RejectBehavior Terminate}
---------------------------------------------------------------------------------
Finished Constraint Validation : Time (s): cpu = 00:00:15 ; elapsed = 00:00:16 . Memory (MB): peak = 1241.320 ; gain = 663.414
---------------------------------------------------------------------------------
---------------------------------------------------------------------------------
Start Loading Part and Timing Information
---------------------------------------------------------------------------------
Loading part: xc7a100tcsg324-1
---------------------------------------------------------------------------------
Finished Loading Part and Timing Information : Time (s): cpu = 00:00:15 ; elapsed = 00:00:16 . Memory (MB): peak = 1241.320 ; gain = 663.414
---------------------------------------------------------------------------------
---------------------------------------------------------------------------------
Start Applying 'set_property' XDC Constraints
---------------------------------------------------------------------------------
---------------------------------------------------------------------------------
Finished applying 'set_property' XDC Constraints : Time (s): cpu = 00:00:15 ; elapsed = 00:00:16 . Memory (MB): peak = 1241.320 ; gain = 663.414
---------------------------------------------------------------------------------
---------------------------------------------------------------------------------
Finished RTL Optimization Phase 2 : Time (s): cpu = 00:00:15 ; elapsed = 00:00:17 . Memory (MB): peak = 1241.320 ; gain = 663.414
---------------------------------------------------------------------------------
---------------------------------------------------------------------------------
Start RTL Component Statistics 
---------------------------------------------------------------------------------
Detailed RTL Component Info : 
+---Adders : 
	   2 Input   10 Bit       Adders := 1     
	   2 Input    6 Bit       Adders := 1     
	   2 Input    4 Bit       Adders := 2     
	   2 Input    3 Bit       Adders := 1     
+---Registers : 
	               10 Bit    Registers := 2     
	                8 Bit    Registers := 6     
	                6 Bit    Registers := 3     
	                4 Bit    Registers := 1     
	                3 Bit    Registers := 1     
	                1 Bit    Registers := 11    
+---Muxes : 
	   2 Input   10 Bit        Muxes := 2     
	   5 Input    8 Bit        Muxes := 1     
	   2 Input    8 Bit        Muxes := 1     
	   7 Input    8 Bit        Muxes := 1     
	   2 Input    6 Bit        Muxes := 4     
	   7 Input    6 Bit        Muxes := 2     
	   2 Input    4 Bit        Muxes := 1     
	   7 Input    4 Bit        Muxes := 1     
	   2 Input    3 Bit        Muxes := 2     
	   3 Input    3 Bit        Muxes := 1     
	   2 Input    2 Bit        Muxes := 1     
	   2 Input    1 Bit        Muxes := 18    
	   7 Input    1 Bit        Muxes := 6     
---------------------------------------------------------------------------------
Finished RTL Component Statistics 
---------------------------------------------------------------------------------
---------------------------------------------------------------------------------
Start Part Resource Summary
---------------------------------------------------------------------------------
Part Resources:
DSPs: 240 (col length:80)
BRAMs: 270 (col length: RAMB18 80 RAMB36 40)
---------------------------------------------------------------------------------
Finished Part Resource Summary
---------------------------------------------------------------------------------
---------------------------------------------------------------------------------
Start Cross Boundary and Area Optimization
---------------------------------------------------------------------------------
WARNING: [Synth 8-7080] Parallel synthesis criteria is not met
WARNING: [Synth 8-7129] Port switchInputs[2] in module topMod is either unconnected or has no load
WARNING: [Synth 8-7129] Port switchInputs[1] in module topMod is either unconnected or has no load
---------------------------------------------------------------------------------
Finished Cross Boundary and Area Optimization : Time (s): cpu = 00:00:18 ; elapsed = 00:00:19 . Memory (MB): peak = 1241.320 ; gain = 663.414
---------------------------------------------------------------------------------
---------------------------------------------------------------------------------
Start Applying XDC Timing Constraints
---------------------------------------------------------------------------------
---------------------------------------------------------------------------------
Finished Applying XDC Timing Constraints : Time (s): cpu = 00:00:24 ; elapsed = 00:00:26 . Memory (MB): peak = 1350.348 ; gain = 772.441
---------------------------------------------------------------------------------
---------------------------------------------------------------------------------
Start Timing Optimization
---------------------------------------------------------------------------------
---------------------------------------------------------------------------------
Finished Timing Optimization : Time (s): cpu = 00:00:24 ; elapsed = 00:00:26 . Memory (MB): peak = 1380.070 ; gain = 802.164
---------------------------------------------------------------------------------
---------------------------------------------------------------------------------
Start Technology Mapping
---------------------------------------------------------------------------------
---------------------------------------------------------------------------------
Finished Technology Mapping : Time (s): cpu = 00:00:24 ; elapsed = 00:00:26 . Memory (MB): peak = 1380.641 ; gain = 802.734
---------------------------------------------------------------------------------
---------------------------------------------------------------------------------
Start IO Insertion
---------------------------------------------------------------------------------
---------------------------------------------------------------------------------
Start Flattening Before IO Insertion
---------------------------------------------------------------------------------
---------------------------------------------------------------------------------
Finished Flattening Before IO Insertion
---------------------------------------------------------------------------------
---------------------------------------------------------------------------------
Start Final Netlist Cleanup
---------------------------------------------------------------------------------
---------------------------------------------------------------------------------
Finished Final Netlist Cleanup
---------------------------------------------------------------------------------
---------------------------------------------------------------------------------
Finished IO Insertion : Time (s): cpu = 00:00:28 ; elapsed = 00:00:30 . Memory (MB): peak = 1577.223 ; gain = 999.316
---------------------------------------------------------------------------------
---------------------------------------------------------------------------------
Start Renaming Generated Instances
---------------------------------------------------------------------------------
---------------------------------------------------------------------------------
Finished Renaming Generated Instances : Time (s): cpu = 00:00:28 ; elapsed = 00:00:30 . Memory (MB): peak = 1577.223 ; gain = 999.316
---------------------------------------------------------------------------------
---------------------------------------------------------------------------------
Start Rebuilding User Hierarchy
---------------------------------------------------------------------------------
---------------------------------------------------------------------------------
Finished Rebuilding User Hierarchy : Time (s): cpu = 00:00:28 ; elapsed = 00:00:30 . Memory (MB): peak = 1577.223 ; gain = 999.316
---------------------------------------------------------------------------------
---------------------------------------------------------------------------------
Start Renaming Generated Ports
---------------------------------------------------------------------------------
---------------------------------------------------------------------------------
Finished Renaming Generated Ports : Time (s): cpu = 00:00:28 ; elapsed = 00:00:30 . Memory (MB): peak = 1577.223 ; gain = 999.316
---------------------------------------------------------------------------------
---------------------------------------------------------------------------------
Start Handling Custom Attributes
---------------------------------------------------------------------------------
---------------------------------------------------------------------------------
Finished Handling Custom Attributes : Time (s): cpu = 00:00:28 ; elapsed = 00:00:30 . Memory (MB): peak = 1577.223 ; gain = 999.316
---------------------------------------------------------------------------------
---------------------------------------------------------------------------------
Start Renaming Generated Nets
---------------------------------------------------------------------------------
---------------------------------------------------------------------------------
Finished Renaming Generated Nets : Time (s): cpu = 00:00:28 ; elapsed = 00:00:30 . Memory (MB): peak = 1577.223 ; gain = 999.316
---------------------------------------------------------------------------------
---------------------------------------------------------------------------------
Start Writing Synthesis Report
---------------------------------------------------------------------------------

Report BlackBoxes: 
+-+--------------+----------+
| |BlackBox name |Instances |
+-+--------------+----------+
+-+--------------+----------+

Report Cell Usage: 
+------+-----+------+
|      |Cell |Count |
+------+-----+------+
|1     |BUFG |     1|
|2     |LUT1 |     5|
|3     |LUT2 |     8|
|4     |LUT3 |     9|
|5     |LUT4 |    16|
|6     |LUT5 |    19|
|7     |LUT6 |    19|
|8     |FDRE |    63|
|9     |FDSE |     1|
|10    |IBUF |     4|
|11    |OBUF |     1|
+------+-----+------+
---------------------------------------------------------------------------------
Finished Writing Synthesis Report : Time (s): cpu = 00:00:28 ; elapsed = 00:00:30 . Memory (MB): peak = 1577.223 ; gain = 999.316
---------------------------------------------------------------------------------
Synthesis finished with 0 errors, 0 critical warnings and 3 warnings.
Synthesis Optimization Runtime : Time (s): cpu = 00:00:19 ; elapsed = 00:00:28 . Memory (MB): peak = 1577.223 ; gain = 911.781
Synthesis Optimization Complete : Time (s): cpu = 00:00:28 ; elapsed = 00:00:30 . Memory (MB): peak = 1577.223 ; gain = 999.316
INFO: [Project 1-571] Translating synthesized netlist
Netlist sorting complete. Time (s): cpu = 00:00:00 ; elapsed = 00:00:00.001 . Memory (MB): peak = 1577.223 ; gain = 0.000
INFO: [Project 1-570] Preparing netlist for logic optimization
INFO: [Opt 31-138] Pushed 0 inverter(s) to 0 load pin(s).
Netlist sorting complete. Time (s): cpu = 00:00:00 ; elapsed = 00:00:00 . Memory (MB): peak = 1577.223 ; gain = 0.000
INFO: [Project 1-111] Unisim Transformation Summary:
No Unisim elements were transformed.

Synth Design complete | Checksum: b8c78f95
INFO: [Common 17-83] Releasing license: Synthesis
32 Infos, 13 Warnings, 7 Critical Warnings and 0 Errors encountered.
synth_design completed successfully
synth_design: Time (s): cpu = 00:00:31 ; elapsed = 00:00:37 . Memory (MB): peak = 1577.223 ; gain = 1204.875
INFO: [runtcl-6] Synthesis results are not added to the cache due to CRITICAL_WARNING
Write ShapeDB Complete: Time (s): cpu = 00:00:00 ; elapsed = 00:00:00.001 . Memory (MB): peak = 1577.223 ; gain = 0.000
INFO: [Common 17-1381] The checkpoint 'C:/CSEE4280Workpace/final_Project/uartTransmit_vivado/vivado/project_1/project_1.runs/synth_1/topMod.dcp' has been generated.
INFO: [Vivado 12-24828] Executing command : report_utilization -file topMod_utilization_synth.rpt -pb topMod_utilization_synth.pb
INFO: [Common 17-206] Exiting Vivado at Mon Apr  7 09:56:57 2025...
