
*** Running vivado
    with args -log topModuleUART.vdi -applog -m64 -product Vivado -messageDb vivado.pb -mode batch -source topModuleUART.tcl -notrace



****** Vivado v2024.2 (64-bit)
  **** SW Build 5239630 on Fri Nov 08 22:35:27 MST 2024
  **** IP Build 5239520 on Sun Nov 10 16:12:51 MST 2024
  **** SharedData Build 5239561 on Fri Nov 08 14:39:27 MST 2024
  **** Start of session at: Wed Apr 23 20:49:30 2025
    ** Copyright 1986-2022 Xilinx, Inc. All Rights Reserved.
    ** Copyright 2022-2024 Advanced Micro Devices, Inc. All Rights Reserved.

source topModuleUART.tcl -notrace
Command: link_design -top topModuleUART -part xc7a100tcsg324-1
Design is defaulting to srcset: sources_1
Design is defaulting to constrset: constrs_1
INFO: [Device 21-403] Loading part xc7a100tcsg324-1
Netlist sorting complete. Time (s): cpu = 00:00:00 ; elapsed = 00:00:00.005 . Memory (MB): peak = 586.281 ; gain = 0.000
INFO: [Netlist 29-17] Analyzing 35 Unisim elements for replacement
INFO: [Netlist 29-28] Unisim Transformation completed in 0 CPU seconds
INFO: [Project 1-479] Netlist was created with Vivado 2024.2
INFO: [Project 1-570] Preparing netlist for logic optimization
Parsing XDC File [C:/CSEE4280Workpace/final_Project/master.xdc]
Finished Parsing XDC File [C:/CSEE4280Workpace/final_Project/master.xdc]
INFO: [Opt 31-138] Pushed 0 inverter(s) to 0 load pin(s).
Netlist sorting complete. Time (s): cpu = 00:00:00 ; elapsed = 00:00:00 . Memory (MB): peak = 719.840 ; gain = 0.000
INFO: [Project 1-111] Unisim Transformation Summary:
  A total of 3 instances were transformed.
  RAM32M => RAM32M (RAMD32(x6), RAMS32(x2)): 1 instance 
  RAM32X1D => RAM32X1D (RAMD32(x2)): 2 instances

7 Infos, 0 Warnings, 0 Critical Warnings and 0 Errors encountered.
link_design completed successfully
link_design: Time (s): cpu = 00:00:02 ; elapsed = 00:00:06 . Memory (MB): peak = 719.840 ; gain = 353.996
Command: opt_design
Attempting to get a license for feature 'Implementation' and/or device 'xc7a100t'
INFO: [Common 17-349] Got license for feature 'Implementation' and/or device 'xc7a100t'
Running DRC as a precondition to command opt_design

Starting DRC Task
INFO: [DRC 23-27] Running DRC with 2 threads
INFO: [Project 1-461] DRC finished with 0 Errors
INFO: [Project 1-462] Please refer to the DRC report (report_drc) for more information.

Time (s): cpu = 00:00:02 ; elapsed = 00:00:01 . Memory (MB): peak = 757.281 ; gain = 37.441

Starting Cache Timing Information Task
INFO: [Timing 38-35] Done setting XDC timing constraints.
Ending Cache Timing Information Task | Checksum: 234a2be01

Time (s): cpu = 00:00:04 ; elapsed = 00:00:08 . Memory (MB): peak = 1307.848 ; gain = 550.566

Starting Logic Optimization Task

Phase 1 Initialization

Phase 1.1 Core Generation And Design Setup
Phase 1.1 Core Generation And Design Setup | Checksum: 234a2be01

Time (s): cpu = 00:00:00 ; elapsed = 00:00:00.002 . Memory (MB): peak = 1710.449 ; gain = 0.000

Phase 1.2 Setup Constraints And Sort Netlist
Phase 1.2 Setup Constraints And Sort Netlist | Checksum: 234a2be01

Time (s): cpu = 00:00:00 ; elapsed = 00:00:00.003 . Memory (MB): peak = 1710.449 ; gain = 0.000
Phase 1 Initialization | Checksum: 234a2be01

Time (s): cpu = 00:00:00 ; elapsed = 00:00:00.004 . Memory (MB): peak = 1710.449 ; gain = 0.000

Phase 2 Timer Update And Timing Data Collection

Phase 2.1 Timer Update
Phase 2.1 Timer Update | Checksum: 234a2be01

Time (s): cpu = 00:00:00 ; elapsed = 00:00:00.028 . Memory (MB): peak = 1710.449 ; gain = 0.000

Phase 2.2 Timing Data Collection
Phase 2.2 Timing Data Collection | Checksum: 234a2be01

Time (s): cpu = 00:00:00 ; elapsed = 00:00:00.035 . Memory (MB): peak = 1710.449 ; gain = 0.000
Phase 2 Timer Update And Timing Data Collection | Checksum: 234a2be01

Time (s): cpu = 00:00:00 ; elapsed = 00:00:00.036 . Memory (MB): peak = 1710.449 ; gain = 0.000

Phase 3 Retarget
INFO: [Opt 31-1851] Number of loadless carry chains removed were: 0
INFO: [Opt 31-1834] Total Chains To Be Transformed Were: 0 AND Number of Transformed insts Created are: 0
INFO: [Opt 31-138] Pushed 0 inverter(s) to 0 load pin(s).
INFO: [Opt 31-49] Retargeted 0 cell(s).
Phase 3 Retarget | Checksum: 234a2be01

Time (s): cpu = 00:00:00 ; elapsed = 00:00:00.048 . Memory (MB): peak = 1710.449 ; gain = 0.000
Retarget | Checksum: 234a2be01
INFO: [Opt 31-389] Phase Retarget created 0 cells and removed 0 cells

Phase 4 Constant propagation
INFO: [Opt 31-138] Pushed 0 inverter(s) to 0 load pin(s).
Phase 4 Constant propagation | Checksum: 280dc397e

Time (s): cpu = 00:00:00 ; elapsed = 00:00:00.067 . Memory (MB): peak = 1710.449 ; gain = 0.000
Constant propagation | Checksum: 280dc397e
INFO: [Opt 31-389] Phase Constant propagation created 0 cells and removed 0 cells

Phase 5 Sweep
INFO: [Constraints 18-11670] Building netlist checker database with flags, 0x8
Done building netlist checker database: Time (s): cpu = 00:00:00 ; elapsed = 00:00:00 . Memory (MB): peak = 1710.449 ; gain = 0.000
Phase 5 Sweep | Checksum: 2409431c2

Time (s): cpu = 00:00:00 ; elapsed = 00:00:00.075 . Memory (MB): peak = 1710.449 ; gain = 0.000
Sweep | Checksum: 2409431c2
INFO: [Opt 31-389] Phase Sweep created 0 cells and removed 0 cells

Phase 6 BUFG optimization
Phase 6 BUFG optimization | Checksum: 2409431c2

Time (s): cpu = 00:00:00 ; elapsed = 00:00:00.116 . Memory (MB): peak = 1710.449 ; gain = 0.000
BUFG optimization | Checksum: 2409431c2
INFO: [Opt 31-662] Phase BUFG optimization created 0 cells of which 0 are BUFGs and removed 0 cells.

Phase 7 Shift Register Optimization
INFO: [Opt 31-1064] SRL Remap converted 0 SRLs to 0 registers and converted 0 registers of register chains to 0 SRLs
Phase 7 Shift Register Optimization | Checksum: 2409431c2

Time (s): cpu = 00:00:00 ; elapsed = 00:00:00.118 . Memory (MB): peak = 1710.449 ; gain = 0.000
Shift Register Optimization | Checksum: 2409431c2
INFO: [Opt 31-389] Phase Shift Register Optimization created 0 cells and removed 0 cells

Phase 8 Post Processing Netlist
Phase 8 Post Processing Netlist | Checksum: 2409431c2

Time (s): cpu = 00:00:00 ; elapsed = 00:00:00.122 . Memory (MB): peak = 1710.449 ; gain = 0.000
Post Processing Netlist | Checksum: 2409431c2
INFO: [Opt 31-389] Phase Post Processing Netlist created 0 cells and removed 0 cells

Phase 9 Finalization

Phase 9.1 Finalizing Design Cores and Updating Shapes
Phase 9.1 Finalizing Design Cores and Updating Shapes | Checksum: 294af6de2

Time (s): cpu = 00:00:00 ; elapsed = 00:00:00.141 . Memory (MB): peak = 1710.449 ; gain = 0.000

Phase 9.2 Verifying Netlist Connectivity

Starting Connectivity Check Task

Time (s): cpu = 00:00:00 ; elapsed = 00:00:00.009 . Memory (MB): peak = 1710.449 ; gain = 0.000
Phase 9.2 Verifying Netlist Connectivity | Checksum: 294af6de2

Time (s): cpu = 00:00:00 ; elapsed = 00:00:00.151 . Memory (MB): peak = 1710.449 ; gain = 0.000
Phase 9 Finalization | Checksum: 294af6de2

Time (s): cpu = 00:00:00 ; elapsed = 00:00:00.152 . Memory (MB): peak = 1710.449 ; gain = 0.000
Opt_design Change Summary
=========================


-------------------------------------------------------------------------------------------------------------------------
|  Phase                        |  #Cells created  |  #Cells Removed  |  #Constrained objects preventing optimizations  |
-------------------------------------------------------------------------------------------------------------------------
|  Retarget                     |               0  |               0  |                                              0  |
|  Constant propagation         |               0  |               0  |                                              0  |
|  Sweep                        |               0  |               0  |                                              0  |
|  BUFG optimization            |               0  |               0  |                                              0  |
|  Shift Register Optimization  |               0  |               0  |                                              0  |
|  Post Processing Netlist      |               0  |               0  |                                              0  |
-------------------------------------------------------------------------------------------------------------------------


Ending Logic Optimization Task | Checksum: 294af6de2

Time (s): cpu = 00:00:00 ; elapsed = 00:00:00.154 . Memory (MB): peak = 1710.449 ; gain = 0.000

Starting Power Optimization Task
INFO: [Pwropt 34-132] Skipping clock gating for clocks with a period < 2.00 ns.
Ending Power Optimization Task | Checksum: 294af6de2

Time (s): cpu = 00:00:00 ; elapsed = 00:00:00.011 . Memory (MB): peak = 1710.449 ; gain = 0.000

Starting Final Cleanup Task
Ending Final Cleanup Task | Checksum: 294af6de2

Time (s): cpu = 00:00:00 ; elapsed = 00:00:00.001 . Memory (MB): peak = 1710.449 ; gain = 0.000

Starting Netlist Obfuscation Task
Netlist sorting complete. Time (s): cpu = 00:00:00 ; elapsed = 00:00:00 . Memory (MB): peak = 1710.449 ; gain = 0.000
Ending Netlist Obfuscation Task | Checksum: 294af6de2

Time (s): cpu = 00:00:00 ; elapsed = 00:00:00.001 . Memory (MB): peak = 1710.449 ; gain = 0.000
INFO: [Common 17-83] Releasing license: Implementation
27 Infos, 0 Warnings, 0 Critical Warnings and 0 Errors encountered.
opt_design completed successfully
opt_design: Time (s): cpu = 00:00:09 ; elapsed = 00:00:14 . Memory (MB): peak = 1710.449 ; gain = 990.609
INFO: [Vivado 12-24828] Executing command : report_drc -file topModuleUART_drc_opted.rpt -pb topModuleUART_drc_opted.pb -rpx topModuleUART_drc_opted.rpx
Command: report_drc -file topModuleUART_drc_opted.rpt -pb topModuleUART_drc_opted.pb -rpx topModuleUART_drc_opted.rpx
INFO: [IP_Flow 19-234] Refreshing IP repositories
INFO: [IP_Flow 19-1704] No user IP repositories specified
INFO: [IP_Flow 19-2313] Loaded Vivado IP repository 'C:/Xilinx/Vivado/2024.2/data/ip'.
INFO: [DRC 23-27] Running DRC with 2 threads
INFO: [Vivado_Tcl 2-168] The results of DRC are in file C:/CSEE4280Workpace/final_Project/uartTransmit_vivado/vivado/uartTransmitGit/uartTransmitGit.runs/impl_1/topModuleUART_drc_opted.rpt.
report_drc completed successfully
INFO: [Timing 38-480] Writing timing data to binary archive.
Write ShapeDB Complete: Time (s): cpu = 00:00:00 ; elapsed = 00:00:00.004 . Memory (MB): peak = 1710.449 ; gain = 0.000
Wrote PlaceDB: Time (s): cpu = 00:00:00 ; elapsed = 00:00:00.004 . Memory (MB): peak = 1710.449 ; gain = 0.000
Wrote PulsedLatchDB: Time (s): cpu = 00:00:00 ; elapsed = 00:00:00 . Memory (MB): peak = 1710.449 ; gain = 0.000
Writing XDEF routing.
Writing XDEF routing logical nets.
Writing XDEF routing special nets.
Wrote RouteStorage: Time (s): cpu = 00:00:00 ; elapsed = 00:00:00.029 . Memory (MB): peak = 1710.449 ; gain = 0.000
Wrote Netlist Cache: Time (s): cpu = 00:00:00 ; elapsed = 00:00:00 . Memory (MB): peak = 1710.449 ; gain = 0.000
Wrote Device Cache: Time (s): cpu = 00:00:00 ; elapsed = 00:00:00.011 . Memory (MB): peak = 1710.449 ; gain = 0.000
Write Physdb Complete: Time (s): cpu = 00:00:00 ; elapsed = 00:00:00.053 . Memory (MB): peak = 1710.449 ; gain = 0.000
INFO: [Common 17-1381] The checkpoint 'C:/CSEE4280Workpace/final_Project/uartTransmit_vivado/vivado/uartTransmitGit/uartTransmitGit.runs/impl_1/topModuleUART_opt.dcp' has been generated.
Command: place_design
Attempting to get a license for feature 'Implementation' and/or device 'xc7a100t'
INFO: [Common 17-349] Got license for feature 'Implementation' and/or device 'xc7a100t'
INFO: [Common 17-83] Releasing license: Implementation
INFO: [DRC 23-27] Running DRC with 2 threads
INFO: [Vivado_Tcl 4-198] DRC finished with 0 Errors
INFO: [Vivado_Tcl 4-199] Please refer to the DRC report (report_drc) for more information.
Running DRC as a precondition to command place_design
INFO: [DRC 23-27] Running DRC with 2 threads
INFO: [Vivado_Tcl 4-198] DRC finished with 0 Errors
INFO: [Vivado_Tcl 4-199] Please refer to the DRC report (report_drc) for more information.
INFO: [Place 30-611] Multithreading enabled for place_design using a maximum of 2 CPUs

Starting Placer Task

Phase 1 Placer Initialization

Phase 1.1 Placer Initialization Netlist Sorting
Netlist sorting complete. Time (s): cpu = 00:00:00 ; elapsed = 00:00:00 . Memory (MB): peak = 1710.449 ; gain = 0.000
Phase 1.1 Placer Initialization Netlist Sorting | Checksum: 1b3ecbfe3

Time (s): cpu = 00:00:00 ; elapsed = 00:00:00.002 . Memory (MB): peak = 1710.449 ; gain = 0.000
Netlist sorting complete. Time (s): cpu = 00:00:00 ; elapsed = 00:00:00 . Memory (MB): peak = 1710.449 ; gain = 0.000

Phase 1.2 IO Placement/ Clock Placement/ Build Placer Device
INFO: [Timing 38-35] Done setting XDC timing constraints.
Phase 1.2 IO Placement/ Clock Placement/ Build Placer Device | Checksum: 1aa4e8886

Time (s): cpu = 00:00:00 ; elapsed = 00:00:00.398 . Memory (MB): peak = 1710.449 ; gain = 0.000

Phase 1.3 Build Placer Netlist Model
Phase 1.3 Build Placer Netlist Model | Checksum: 25f5bd0cc

Time (s): cpu = 00:00:00 ; elapsed = 00:00:00.698 . Memory (MB): peak = 1710.449 ; gain = 0.000

Phase 1.4 Constrain Clocks/Macros
Phase 1.4 Constrain Clocks/Macros | Checksum: 25f5bd0cc

Time (s): cpu = 00:00:00 ; elapsed = 00:00:00.703 . Memory (MB): peak = 1710.449 ; gain = 0.000
Phase 1 Placer Initialization | Checksum: 25f5bd0cc

Time (s): cpu = 00:00:00 ; elapsed = 00:00:00.708 . Memory (MB): peak = 1710.449 ; gain = 0.000

Phase 2 Global Placement

Phase 2.1 Floorplanning
Phase 2.1 Floorplanning | Checksum: 1e8e8682c

Time (s): cpu = 00:00:00 ; elapsed = 00:00:00.889 . Memory (MB): peak = 1710.449 ; gain = 0.000

Phase 2.2 Update Timing before SLR Path Opt
Phase 2.2 Update Timing before SLR Path Opt | Checksum: 1fbe99684

Time (s): cpu = 00:00:00 ; elapsed = 00:00:00.996 . Memory (MB): peak = 1710.449 ; gain = 0.000

Phase 2.3 Post-Processing in Floorplanning
Phase 2.3 Post-Processing in Floorplanning | Checksum: 1fbe99684

Time (s): cpu = 00:00:00 ; elapsed = 00:00:00.999 . Memory (MB): peak = 1710.449 ; gain = 0.000

Phase 2.4 Global Place Phase1
Phase 2.4 Global Place Phase1 | Checksum: 27963b822

Time (s): cpu = 00:00:01 ; elapsed = 00:00:04 . Memory (MB): peak = 1710.449 ; gain = 0.000

Phase 2.5 Global Place Phase2

Phase 2.5.1 UpdateTiming Before Physical Synthesis
Phase 2.5.1 UpdateTiming Before Physical Synthesis | Checksum: 27beddec2

Time (s): cpu = 00:00:01 ; elapsed = 00:00:04 . Memory (MB): peak = 1710.449 ; gain = 0.000

Phase 2.5.2 Physical Synthesis In Placer
INFO: [Physopt 32-1035] Found 5 LUTNM shape to break, 19 LUT instances to create LUTNM shape
INFO: [Physopt 32-1044] Break lutnm for timing: one critical 2, two critical 3, total 5, new lutff created 0
INFO: [Physopt 32-1138] End 1 Pass. Optimized 13 nets or LUTs. Breaked 5 LUTs, combined 8 existing LUTs and moved 0 existing LUT
INFO: [Physopt 32-65] No nets found for high-fanout optimization.
INFO: [Physopt 32-232] Optimized 0 net. Created 0 new instance.
INFO: [Physopt 32-775] End 1 Pass. Optimized 0 net or cell. Created 0 new cell, deleted 0 existing cell and moved 0 existing cell
INFO: [Physopt 32-456] No candidate cells for DSP register optimization found in the design.
INFO: [Physopt 32-775] End 2 Pass. Optimized 0 net or cell. Created 0 new cell, deleted 0 existing cell and moved 0 existing cell
INFO: [Physopt 32-1123] No candidate cells found for Shift Register to Pipeline optimization
INFO: [Physopt 32-775] End 2 Pass. Optimized 0 net or cell. Created 0 new cell, deleted 0 existing cell and moved 0 existing cell
INFO: [Physopt 32-1401] No candidate cells found for Shift Register optimization.
INFO: [Physopt 32-677] No candidate cells for Shift Register optimization found in the design
INFO: [Physopt 32-775] End 1 Pass. Optimized 0 net or cell. Created 0 new cell, deleted 0 existing cell and moved 0 existing cell
INFO: [Physopt 32-526] No candidate cells for BRAM register optimization found in the design
INFO: [Physopt 32-775] End 1 Pass. Optimized 0 net or cell. Created 0 new cell, deleted 0 existing cell and moved 0 existing cell
INFO: [Physopt 32-846] No candidate cells for URAM register optimization found in the design
INFO: [Physopt 32-775] End 1 Pass. Optimized 0 net or cell. Created 0 new cell, deleted 0 existing cell and moved 0 existing cell
INFO: [Physopt 32-846] No candidate cells for URAM register optimization found in the design
INFO: [Physopt 32-775] End 1 Pass. Optimized 0 net or cell. Created 0 new cell, deleted 0 existing cell and moved 0 existing cell
INFO: [Physopt 32-949] No candidate nets found for dynamic/static region interface net replication
INFO: [Physopt 32-775] End 1 Pass. Optimized 0 net or cell. Created 0 new cell, deleted 0 existing cell and moved 0 existing cell
Netlist sorting complete. Time (s): cpu = 00:00:00 ; elapsed = 00:00:00 . Memory (MB): peak = 1710.449 ; gain = 0.000

Summary of Physical Synthesis Optimizations
============================================


-----------------------------------------------------------------------------------------------------------------------------------------------------------
|  Optimization                                     |  Added Cells  |  Removed Cells  |  Optimized Cells/Nets  |  Dont Touch  |  Iterations  |  Elapsed   |
-----------------------------------------------------------------------------------------------------------------------------------------------------------
|  LUT Combining                                    |            5  |              8  |                    13  |           0  |           1  |  00:00:00  |
|  Retime                                           |            0  |              0  |                     0  |           0  |           1  |  00:00:00  |
|  Very High Fanout                                 |            0  |              0  |                     0  |           0  |           1  |  00:00:00  |
|  DSP Register                                     |            0  |              0  |                     0  |           0  |           1  |  00:00:00  |
|  Shift Register to Pipeline                       |            0  |              0  |                     0  |           0  |           1  |  00:00:00  |
|  Shift Register                                   |            0  |              0  |                     0  |           0  |           1  |  00:00:00  |
|  BRAM Register                                    |            0  |              0  |                     0  |           0  |           1  |  00:00:00  |
|  URAM Register                                    |            0  |              0  |                     0  |           0  |           1  |  00:00:00  |
|  Dynamic/Static Region Interface Net Replication  |            0  |              0  |                     0  |           0  |           1  |  00:00:00  |
|  Total                                            |            5  |              8  |                    13  |           0  |           9  |  00:00:00  |
-----------------------------------------------------------------------------------------------------------------------------------------------------------


Phase 2.5.2 Physical Synthesis In Placer | Checksum: 2f80b0172

Time (s): cpu = 00:00:02 ; elapsed = 00:00:04 . Memory (MB): peak = 1710.449 ; gain = 0.000
Phase 2.5 Global Place Phase2 | Checksum: 2db0fdfb2

Time (s): cpu = 00:00:02 ; elapsed = 00:00:04 . Memory (MB): peak = 1710.449 ; gain = 0.000
Phase 2 Global Placement | Checksum: 2db0fdfb2

Time (s): cpu = 00:00:02 ; elapsed = 00:00:04 . Memory (MB): peak = 1710.449 ; gain = 0.000

Phase 3 Detail Placement

Phase 3.1 Commit Multi Column Macros
Phase 3.1 Commit Multi Column Macros | Checksum: 2fe4a3911

Time (s): cpu = 00:00:02 ; elapsed = 00:00:05 . Memory (MB): peak = 1710.449 ; gain = 0.000

Phase 3.2 Commit Most Macros & LUTRAMs
Phase 3.2 Commit Most Macros & LUTRAMs | Checksum: 357a8c12c

Time (s): cpu = 00:00:02 ; elapsed = 00:00:05 . Memory (MB): peak = 1710.449 ; gain = 0.000

Phase 3.3 Area Swap Optimization
Phase 3.3 Area Swap Optimization | Checksum: 3504f6985

Time (s): cpu = 00:00:02 ; elapsed = 00:00:05 . Memory (MB): peak = 1710.449 ; gain = 0.000

Phase 3.4 Pipeline Register Optimization
Phase 3.4 Pipeline Register Optimization | Checksum: 28cef4640

Time (s): cpu = 00:00:02 ; elapsed = 00:00:05 . Memory (MB): peak = 1710.449 ; gain = 0.000

Phase 3.5 Fast Optimization
Phase 3.5 Fast Optimization | Checksum: 3659b73fa

Time (s): cpu = 00:00:02 ; elapsed = 00:00:06 . Memory (MB): peak = 1710.449 ; gain = 0.000

Phase 3.6 Small Shape Detail Placement
Phase 3.6 Small Shape Detail Placement | Checksum: 2de377b8a

Time (s): cpu = 00:00:02 ; elapsed = 00:00:06 . Memory (MB): peak = 1710.449 ; gain = 0.000

Phase 3.7 Re-assign LUT pins
Phase 3.7 Re-assign LUT pins | Checksum: 2c2a8147f

Time (s): cpu = 00:00:02 ; elapsed = 00:00:07 . Memory (MB): peak = 1710.449 ; gain = 0.000

Phase 3.8 Pipeline Register Optimization
Phase 3.8 Pipeline Register Optimization | Checksum: 2e54d4b9e

Time (s): cpu = 00:00:02 ; elapsed = 00:00:07 . Memory (MB): peak = 1710.449 ; gain = 0.000

Phase 3.9 Fast Optimization
Phase 3.9 Fast Optimization | Checksum: 2ba0c676c

Time (s): cpu = 00:00:03 ; elapsed = 00:00:08 . Memory (MB): peak = 1710.449 ; gain = 0.000
Phase 3 Detail Placement | Checksum: 2ba0c676c

Time (s): cpu = 00:00:03 ; elapsed = 00:00:08 . Memory (MB): peak = 1710.449 ; gain = 0.000

Phase 4 Post Placement Optimization and Clean-Up

Phase 4.1 Post Commit Optimization
INFO: [Timing 38-35] Done setting XDC timing constraints.

Phase 4.1.1 Post Placement Optimization
Post Placement Optimization Initialization | Checksum: 1bc730556

Phase 4.1.1.1 BUFG Insertion

Starting Physical Synthesis Task

Phase 1 Physical Synthesis Initialization
INFO: [Physopt 32-721] Multithreading enabled for phys_opt_design using a maximum of 2 CPUs
INFO: [Physopt 32-619] Estimated Timing Summary | WNS=-0.498 | TNS=-0.903 |
Phase 1 Physical Synthesis Initialization | Checksum: 18a1e8aeb

Time (s): cpu = 00:00:00 ; elapsed = 00:00:00.044 . Memory (MB): peak = 1710.449 ; gain = 0.000
INFO: [Place 46-56] BUFG insertion identified 0 candidate nets. Inserted BUFG: 0, Replicated BUFG Driver: 0, Skipped due to Placement/Routing Conflicts: 0, Skipped due to Timing Degradation: 0, Skipped due to netlist editing failed: 0.
Ending Physical Synthesis Task | Checksum: 20d995098

Time (s): cpu = 00:00:00 ; elapsed = 00:00:00.050 . Memory (MB): peak = 1710.449 ; gain = 0.000
Phase 4.1.1.1 BUFG Insertion | Checksum: 1bc730556

Time (s): cpu = 00:00:03 ; elapsed = 00:00:08 . Memory (MB): peak = 1710.449 ; gain = 0.000

Phase 4.1.1.2 Post Placement Timing Optimization
INFO: [Place 30-746] Post Placement Timing Summary WNS=0.297. For the most accurate timing information please run report_timing.
Phase 4.1.1.2 Post Placement Timing Optimization | Checksum: 1fbd92fe4

Time (s): cpu = 00:00:05 ; elapsed = 00:00:14 . Memory (MB): peak = 1710.449 ; gain = 0.000

Time (s): cpu = 00:00:05 ; elapsed = 00:00:14 . Memory (MB): peak = 1710.449 ; gain = 0.000
Phase 4.1 Post Commit Optimization | Checksum: 1fbd92fe4

Time (s): cpu = 00:00:05 ; elapsed = 00:00:14 . Memory (MB): peak = 1710.449 ; gain = 0.000

Phase 4.2 Post Placement Cleanup
Phase 4.2 Post Placement Cleanup | Checksum: 1fbd92fe4

Time (s): cpu = 00:00:05 ; elapsed = 00:00:14 . Memory (MB): peak = 1710.449 ; gain = 0.000

Phase 4.3 Placer Reporting

Phase 4.3.1 Print Estimated Congestion
INFO: [Place 30-612] Post-Placement Estimated Congestion 
 ____________________________________________________
|           | Global Congestion | Short Congestion  |
| Direction | Region Size       | Region Size       |
|___________|___________________|___________________|
|      North|                1x1|                1x1|
|___________|___________________|___________________|
|      South|                1x1|                1x1|
|___________|___________________|___________________|
|       East|                1x1|                1x1|
|___________|___________________|___________________|
|       West|                1x1|                1x1|
|___________|___________________|___________________|

Phase 4.3.1 Print Estimated Congestion | Checksum: 1fbd92fe4

Time (s): cpu = 00:00:05 ; elapsed = 00:00:14 . Memory (MB): peak = 1710.449 ; gain = 0.000
Phase 4.3 Placer Reporting | Checksum: 1fbd92fe4

Time (s): cpu = 00:00:05 ; elapsed = 00:00:14 . Memory (MB): peak = 1710.449 ; gain = 0.000

Phase 4.4 Final Placement Cleanup
Netlist sorting complete. Time (s): cpu = 00:00:00 ; elapsed = 00:00:00.001 . Memory (MB): peak = 1710.449 ; gain = 0.000

Time (s): cpu = 00:00:05 ; elapsed = 00:00:14 . Memory (MB): peak = 1710.449 ; gain = 0.000
Phase 4 Post Placement Optimization and Clean-Up | Checksum: 2d9bb550f

Time (s): cpu = 00:00:05 ; elapsed = 00:00:14 . Memory (MB): peak = 1710.449 ; gain = 0.000
Ending Placer Task | Checksum: 21d6d1d0e

Time (s): cpu = 00:00:05 ; elapsed = 00:00:14 . Memory (MB): peak = 1710.449 ; gain = 0.000
72 Infos, 0 Warnings, 0 Critical Warnings and 0 Errors encountered.
place_design completed successfully
place_design: Time (s): cpu = 00:00:07 ; elapsed = 00:00:16 . Memory (MB): peak = 1710.449 ; gain = 0.000
INFO: [Vivado 12-24838] Running report commands "report_control_sets, report_io, report_utilization" in parallel.
Running report generation with 2 threads.
INFO: [Vivado 12-24828] Executing command : report_io -file topModuleUART_io_placed.rpt
report_io: Time (s): cpu = 00:00:00 ; elapsed = 00:00:00.076 . Memory (MB): peak = 1710.449 ; gain = 0.000
INFO: [Vivado 12-24828] Executing command : report_utilization -file topModuleUART_utilization_placed.rpt -pb topModuleUART_utilization_placed.pb
INFO: [Vivado 12-24828] Executing command : report_control_sets -verbose -file topModuleUART_control_sets_placed.rpt
report_control_sets: Time (s): cpu = 00:00:00 ; elapsed = 00:00:00.027 . Memory (MB): peak = 1710.449 ; gain = 0.000
INFO: [Timing 38-480] Writing timing data to binary archive.
Write ShapeDB Complete: Time (s): cpu = 00:00:00 ; elapsed = 00:00:00.006 . Memory (MB): peak = 1710.449 ; gain = 0.000
Wrote PlaceDB: Time (s): cpu = 00:00:00 ; elapsed = 00:00:00.100 . Memory (MB): peak = 1710.449 ; gain = 0.000
Wrote PulsedLatchDB: Time (s): cpu = 00:00:00 ; elapsed = 00:00:00.001 . Memory (MB): peak = 1710.449 ; gain = 0.000
Writing XDEF routing.
Writing XDEF routing logical nets.
Writing XDEF routing special nets.
Wrote RouteStorage: Time (s): cpu = 00:00:00 ; elapsed = 00:00:00.029 . Memory (MB): peak = 1710.449 ; gain = 0.000
Wrote Netlist Cache: Time (s): cpu = 00:00:00 ; elapsed = 00:00:00.003 . Memory (MB): peak = 1710.449 ; gain = 0.000
Wrote Device Cache: Time (s): cpu = 00:00:00 ; elapsed = 00:00:00.011 . Memory (MB): peak = 1710.449 ; gain = 0.000
Write Physdb Complete: Time (s): cpu = 00:00:00 ; elapsed = 00:00:00.155 . Memory (MB): peak = 1710.449 ; gain = 0.000
INFO: [Common 17-1381] The checkpoint 'C:/CSEE4280Workpace/final_Project/uartTransmit_vivado/vivado/uartTransmitGit/uartTransmitGit.runs/impl_1/topModuleUART_placed.dcp' has been generated.
Command: phys_opt_design
Attempting to get a license for feature 'Implementation' and/or device 'xc7a100t'
INFO: [Common 17-349] Got license for feature 'Implementation' and/or device 'xc7a100t'

Starting Initial Update Timing Task

Time (s): cpu = 00:00:00 ; elapsed = 00:00:00.118 . Memory (MB): peak = 1720.266 ; gain = 9.816
INFO: [Vivado_Tcl 4-2279] Estimated Timing Summary | WNS= 0.297 | TNS= 0.000 | 
INFO: [Vivado_Tcl 4-383] Design worst setup slack (WNS) is greater than or equal to 0.000 ns. All physical synthesis setup optimizations will be skipped.
INFO: [Vivado_Tcl 4-232] No setup violation found. The netlist was not modified.
INFO: [Common 17-83] Releasing license: Implementation
83 Infos, 0 Warnings, 0 Critical Warnings and 0 Errors encountered.
phys_opt_design completed successfully
INFO: [Timing 38-480] Writing timing data to binary archive.
Write ShapeDB Complete: Time (s): cpu = 00:00:00 ; elapsed = 00:00:00.006 . Memory (MB): peak = 1738.180 ; gain = 0.000
Wrote PlaceDB: Time (s): cpu = 00:00:00 ; elapsed = 00:00:00.096 . Memory (MB): peak = 1738.180 ; gain = 0.000
Wrote PulsedLatchDB: Time (s): cpu = 00:00:00 ; elapsed = 00:00:00 . Memory (MB): peak = 1738.180 ; gain = 0.000
Writing XDEF routing.
Writing XDEF routing logical nets.
Writing XDEF routing special nets.
Wrote RouteStorage: Time (s): cpu = 00:00:00 ; elapsed = 00:00:00.030 . Memory (MB): peak = 1738.180 ; gain = 0.000
Wrote Netlist Cache: Time (s): cpu = 00:00:00 ; elapsed = 00:00:00.003 . Memory (MB): peak = 1738.180 ; gain = 0.000
Wrote Device Cache: Time (s): cpu = 00:00:00 ; elapsed = 00:00:00.013 . Memory (MB): peak = 1738.180 ; gain = 0.000
Write Physdb Complete: Time (s): cpu = 00:00:00 ; elapsed = 00:00:00.154 . Memory (MB): peak = 1738.180 ; gain = 0.000
INFO: [Common 17-1381] The checkpoint 'C:/CSEE4280Workpace/final_Project/uartTransmit_vivado/vivado/uartTransmitGit/uartTransmitGit.runs/impl_1/topModuleUART_physopt.dcp' has been generated.
Command: route_design
Attempting to get a license for feature 'Implementation' and/or device 'xc7a100t'
INFO: [Common 17-349] Got license for feature 'Implementation' and/or device 'xc7a100t'


Starting Routing Task
INFO: [Route 35-254] Multithreading enabled for route_design using a maximum of 2 CPUs

Phase 1 Build RT Design
Checksum: PlaceDB: 73f91e1e ConstDB: 0 ShapeSum: f7a19f5a RouteDB: b1d25f96
Post Restoration Checksum: NetGraph: 4d8d6491 | NumContArr: aa7fe05c | Constraints: c2a8fa9d | Timing: c2a8fa9d
Phase 1 Build RT Design | Checksum: 27d5f3a27

Time (s): cpu = 00:00:22 ; elapsed = 00:00:35 . Memory (MB): peak = 1857.781 ; gain = 119.602

Phase 2 Router Initialization

Phase 2.1 Fix Topology Constraints
Phase 2.1 Fix Topology Constraints | Checksum: 27d5f3a27

Time (s): cpu = 00:00:22 ; elapsed = 00:00:35 . Memory (MB): peak = 1857.781 ; gain = 119.602

Phase 2.2 Pre Route Cleanup
Phase 2.2 Pre Route Cleanup | Checksum: 27d5f3a27

Time (s): cpu = 00:00:22 ; elapsed = 00:00:35 . Memory (MB): peak = 1857.781 ; gain = 119.602
 Number of Nodes with overlaps = 0

Phase 2.3 Update Timing
Phase 2.3 Update Timing | Checksum: 1724729fa

Time (s): cpu = 00:00:22 ; elapsed = 00:00:36 . Memory (MB): peak = 1896.574 ; gain = 158.395
INFO: [Route 35-416] Intermediate Timing Summary | WNS=0.458  | TNS=0.000  | WHS=-0.155 | THS=-10.766|


Router Utilization Summary
  Global Vertical Routing Utilization    = 0.00147974 %
  Global Horizontal Routing Utilization  = 0.0019892 %
  Routable Net Status*
  *Does not include unroutable nets such as driverless and loadless.
  Run report_route_status for detailed report.
  Number of Failed Nets               = 634
    (Failed Nets is the sum of unrouted and partially routed nets)
  Number of Unrouted Nets             = 629
  Number of Partially Routed Nets     = 5
  Number of Node Overlaps             = 3

Phase 2 Router Initialization | Checksum: 17bdd25bb

Time (s): cpu = 00:00:22 ; elapsed = 00:00:36 . Memory (MB): peak = 1896.574 ; gain = 158.395

Phase 3 Global Routing
Phase 3 Global Routing | Checksum: 17bdd25bb

Time (s): cpu = 00:00:22 ; elapsed = 00:00:36 . Memory (MB): peak = 1896.574 ; gain = 158.395

Phase 4 Initial Routing

Phase 4.1 Initial Net Routing Pass
Phase 4.1 Initial Net Routing Pass | Checksum: 2bbc29e8a

Time (s): cpu = 00:00:23 ; elapsed = 00:00:36 . Memory (MB): peak = 1896.574 ; gain = 158.395
Phase 4 Initial Routing | Checksum: 2bbc29e8a

Time (s): cpu = 00:00:23 ; elapsed = 00:00:36 . Memory (MB): peak = 1896.574 ; gain = 158.395

Phase 5 Rip-up And Reroute

Phase 5.1 Global Iteration 0
 Number of Nodes with overlaps = 149
 Number of Nodes with overlaps = 65
 Number of Nodes with overlaps = 35
 Number of Nodes with overlaps = 19
 Number of Nodes with overlaps = 15
 Number of Nodes with overlaps = 8
 Number of Nodes with overlaps = 4
 Number of Nodes with overlaps = 2
 Number of Nodes with overlaps = 1
 Number of Nodes with overlaps = 0
INFO: [Route 35-416] Intermediate Timing Summary | WNS=-0.006 | TNS=-0.008 | WHS=N/A    | THS=N/A    |

Phase 5.1 Global Iteration 0 | Checksum: 25dee6c07

Time (s): cpu = 00:00:23 ; elapsed = 00:00:38 . Memory (MB): peak = 1926.434 ; gain = 188.254

Phase 5.2 Global Iteration 1
 Number of Nodes with overlaps = 56
 Number of Nodes with overlaps = 40
 Number of Nodes with overlaps = 12
 Number of Nodes with overlaps = 6
 Number of Nodes with overlaps = 2
 Number of Nodes with overlaps = 0
INFO: [Route 35-416] Intermediate Timing Summary | WNS=0.146  | TNS=0.000  | WHS=N/A    | THS=N/A    |

Phase 5.2 Global Iteration 1 | Checksum: 2acbf083a

Time (s): cpu = 00:00:23 ; elapsed = 00:00:38 . Memory (MB): peak = 1926.434 ; gain = 188.254
Phase 5 Rip-up And Reroute | Checksum: 2acbf083a

Time (s): cpu = 00:00:23 ; elapsed = 00:00:38 . Memory (MB): peak = 1926.434 ; gain = 188.254

Phase 6 Delay and Skew Optimization

Phase 6.1 Delay CleanUp
Phase 6.1 Delay CleanUp | Checksum: 2acbf083a

Time (s): cpu = 00:00:23 ; elapsed = 00:00:38 . Memory (MB): peak = 1926.434 ; gain = 188.254

Phase 6.2 Clock Skew Optimization
Phase 6.2 Clock Skew Optimization | Checksum: 2acbf083a

Time (s): cpu = 00:00:23 ; elapsed = 00:00:38 . Memory (MB): peak = 1926.434 ; gain = 188.254
Phase 6 Delay and Skew Optimization | Checksum: 2acbf083a

Time (s): cpu = 00:00:23 ; elapsed = 00:00:38 . Memory (MB): peak = 1926.434 ; gain = 188.254

Phase 7 Post Hold Fix

Phase 7.1 Hold Fix Iter
INFO: [Route 35-416] Intermediate Timing Summary | WNS=0.225  | TNS=0.000  | WHS=0.099  | THS=0.000  |

Phase 7.1 Hold Fix Iter | Checksum: 28e1ca163

Time (s): cpu = 00:00:23 ; elapsed = 00:00:38 . Memory (MB): peak = 1926.434 ; gain = 188.254
Phase 7 Post Hold Fix | Checksum: 28e1ca163

Time (s): cpu = 00:00:23 ; elapsed = 00:00:38 . Memory (MB): peak = 1926.434 ; gain = 188.254

Phase 8 Route finalize

Router Utilization Summary
  Global Vertical Routing Utilization    = 0.0802542 %
  Global Horizontal Routing Utilization  = 0.0922847 %
  Routable Net Status*
  *Does not include unroutable nets such as driverless and loadless.
  Run report_route_status for detailed report.
  Number of Failed Nets               = 0
    (Failed Nets is the sum of unrouted and partially routed nets)
  Number of Unrouted Nets             = 0
  Number of Partially Routed Nets     = 0
  Number of Node Overlaps             = 0

Phase 8 Route finalize | Checksum: 28e1ca163

Time (s): cpu = 00:00:23 ; elapsed = 00:00:38 . Memory (MB): peak = 1926.434 ; gain = 188.254

Phase 9 Verifying routed nets

 Verification completed successfully
Phase 9 Verifying routed nets | Checksum: 28e1ca163

Time (s): cpu = 00:00:23 ; elapsed = 00:00:38 . Memory (MB): peak = 1926.434 ; gain = 188.254

Phase 10 Depositing Routes
Phase 10 Depositing Routes | Checksum: 1f5947e3d

Time (s): cpu = 00:00:23 ; elapsed = 00:00:39 . Memory (MB): peak = 1926.434 ; gain = 188.254

Phase 11 Post Process Routing
Phase 11 Post Process Routing | Checksum: 1f5947e3d

Time (s): cpu = 00:00:23 ; elapsed = 00:00:39 . Memory (MB): peak = 1926.434 ; gain = 188.254

Phase 12 Post Router Timing
INFO: [Route 35-57] Estimated Timing Summary | WNS=0.225  | TNS=0.000  | WHS=0.099  | THS=0.000  |

INFO: [Route 35-327] The final timing numbers are based on the router estimated timing analysis. For a complete and accurate timing signoff, please run report_timing_summary.
Phase 12 Post Router Timing | Checksum: 1f5947e3d

Time (s): cpu = 00:00:23 ; elapsed = 00:00:39 . Memory (MB): peak = 1926.434 ; gain = 188.254
Total Elapsed time in route_design: 38.556 secs

Phase 13 Post-Route Event Processing
Phase 13 Post-Route Event Processing | Checksum: 2b9452aee

Time (s): cpu = 00:00:23 ; elapsed = 00:00:39 . Memory (MB): peak = 1926.434 ; gain = 188.254
INFO: [Route 35-16] Router Completed Successfully
Ending Routing Task | Checksum: 2b9452aee

Time (s): cpu = 00:00:23 ; elapsed = 00:00:39 . Memory (MB): peak = 1926.434 ; gain = 188.254

Routing Is Done.
INFO: [Common 17-83] Releasing license: Implementation
95 Infos, 0 Warnings, 0 Critical Warnings and 0 Errors encountered.
route_design completed successfully
route_design: Time (s): cpu = 00:00:23 ; elapsed = 00:00:39 . Memory (MB): peak = 1926.434 ; gain = 188.254
INFO: [Vivado 12-24828] Executing command : report_drc -file topModuleUART_drc_routed.rpt -pb topModuleUART_drc_routed.pb -rpx topModuleUART_drc_routed.rpx
Command: report_drc -file topModuleUART_drc_routed.rpt -pb topModuleUART_drc_routed.pb -rpx topModuleUART_drc_routed.rpx
INFO: [IP_Flow 19-1839] IP Catalog is up to date.
INFO: [DRC 23-27] Running DRC with 2 threads
INFO: [Vivado_Tcl 2-168] The results of DRC are in file C:/CSEE4280Workpace/final_Project/uartTransmit_vivado/vivado/uartTransmitGit/uartTransmitGit.runs/impl_1/topModuleUART_drc_routed.rpt.
report_drc completed successfully
INFO: [Vivado 12-24828] Executing command : report_methodology -file topModuleUART_methodology_drc_routed.rpt -pb topModuleUART_methodology_drc_routed.pb -rpx topModuleUART_methodology_drc_routed.rpx
Command: report_methodology -file topModuleUART_methodology_drc_routed.rpt -pb topModuleUART_methodology_drc_routed.pb -rpx topModuleUART_methodology_drc_routed.rpx
INFO: [Timing 38-35] Done setting XDC timing constraints.
INFO: [DRC 23-133] Running Methodology with 2 threads
INFO: [Vivado_Tcl 2-1520] The results of Report Methodology are in file C:/CSEE4280Workpace/final_Project/uartTransmit_vivado/vivado/uartTransmitGit/uartTransmitGit.runs/impl_1/topModuleUART_methodology_drc_routed.rpt.
report_methodology completed successfully
INFO: [Vivado 12-24828] Executing command : report_timing_summary -max_paths 10 -report_unconstrained -file topModuleUART_timing_summary_routed.rpt -pb topModuleUART_timing_summary_routed.pb -rpx topModuleUART_timing_summary_routed.rpx -warn_on_violation 
INFO: [Timing 38-35] Done setting XDC timing constraints.
INFO: [Timing 38-91] UpdateTimingParams: Speed grade: -1, Delay Type: min_max.
INFO: [Timing 38-191] Multithreading enabled for timing update using a maximum of 2 CPUs
INFO: [Vivado 12-24838] Running report commands "report_incremental_reuse, report_route_status" in parallel.
Running report generation with 2 threads.
INFO: [Vivado 12-24828] Executing command : report_route_status -file topModuleUART_route_status.rpt -pb topModuleUART_route_status.pb
INFO: [Vivado 12-24828] Executing command : report_incremental_reuse -file topModuleUART_incremental_reuse_routed.rpt
INFO: [Vivado_Tcl 4-1062] Incremental flow is disabled. No incremental reuse Info to report.
INFO: [Vivado 12-24828] Executing command : report_power -file topModuleUART_power_routed.rpt -pb topModuleUART_power_summary_routed.pb -rpx topModuleUART_power_routed.rpx
Command: report_power -file topModuleUART_power_routed.rpt -pb topModuleUART_power_summary_routed.pb -rpx topModuleUART_power_routed.rpx
Running Vector-less Activity Propagation...

Finished Running Vector-less Activity Propagation
112 Infos, 0 Warnings, 0 Critical Warnings and 0 Errors encountered.
report_power completed successfully
INFO: [Vivado 12-24828] Executing command : report_clock_utilization -file topModuleUART_clock_utilization_routed.rpt
INFO: [Vivado 12-24828] Executing command : report_bus_skew -warn_on_violation -file topModuleUART_bus_skew_routed.rpt -pb topModuleUART_bus_skew_routed.pb -rpx topModuleUART_bus_skew_routed.rpx
INFO: [Timing 38-91] UpdateTimingParams: Speed grade: -1, Delay Type: min_max.
INFO: [Timing 38-191] Multithreading enabled for timing update using a maximum of 2 CPUs
generate_parallel_reports: Time (s): cpu = 00:00:08 ; elapsed = 00:00:08 . Memory (MB): peak = 1953.289 ; gain = 26.855
INFO: [Timing 38-480] Writing timing data to binary archive.
Write ShapeDB Complete: Time (s): cpu = 00:00:00 ; elapsed = 00:00:00.005 . Memory (MB): peak = 1953.289 ; gain = 0.000
Wrote PlaceDB: Time (s): cpu = 00:00:00 ; elapsed = 00:00:00.073 . Memory (MB): peak = 1953.289 ; gain = 0.000
Wrote PulsedLatchDB: Time (s): cpu = 00:00:00 ; elapsed = 00:00:00 . Memory (MB): peak = 1953.289 ; gain = 0.000
Writing XDEF routing.
Writing XDEF routing logical nets.
Writing XDEF routing special nets.
Wrote RouteStorage: Time (s): cpu = 00:00:00 ; elapsed = 00:00:00.034 . Memory (MB): peak = 1953.289 ; gain = 0.000
Wrote Netlist Cache: Time (s): cpu = 00:00:00 ; elapsed = 00:00:00.002 . Memory (MB): peak = 1953.289 ; gain = 0.000
Wrote Device Cache: Time (s): cpu = 00:00:00 ; elapsed = 00:00:00.011 . Memory (MB): peak = 1953.289 ; gain = 0.000
Write Physdb Complete: Time (s): cpu = 00:00:00 ; elapsed = 00:00:00.131 . Memory (MB): peak = 1953.289 ; gain = 0.000
INFO: [Common 17-1381] The checkpoint 'C:/CSEE4280Workpace/final_Project/uartTransmit_vivado/vivado/uartTransmitGit/uartTransmitGit.runs/impl_1/topModuleUART_routed.dcp' has been generated.
Command: write_bitstream -force topModuleUART.bit
Attempting to get a license for feature 'Implementation' and/or device 'xc7a100t'
INFO: [Common 17-349] Got license for feature 'Implementation' and/or device 'xc7a100t'
Running DRC as a precondition to command write_bitstream
INFO: [IP_Flow 19-1839] IP Catalog is up to date.
INFO: [DRC 23-27] Running DRC with 2 threads
INFO: [Vivado 12-3199] DRC finished with 0 Errors
INFO: [Vivado 12-3200] Please refer to the DRC report (report_drc) for more information.
INFO: [Designutils 20-2272] Running write_bitstream with 2 threads.
Loading data files...
Loading site data...
Loading route data...
Processing options...
Creating bitmap...
Creating bitstream...
Writing bitstream ./topModuleUART.bit...
INFO: [Vivado 12-1842] Bitgen Completed Successfully.
INFO: [Project 1-1876] WebTalk data collection is mandatory when using a ULT device. To see the specific WebTalk data collected for your design, open the usage_statistics_webtalk.html or usage_statistics_webtalk.xml file in the implementation directory.
INFO: [Common 17-83] Releasing license: Implementation
127 Infos, 0 Warnings, 0 Critical Warnings and 0 Errors encountered.
write_bitstream completed successfully
write_bitstream: Time (s): cpu = 00:00:10 ; elapsed = 00:00:14 . Memory (MB): peak = 2444.621 ; gain = 491.332
INFO: [Common 17-206] Exiting Vivado at Wed Apr 23 20:51:20 2025...
