Copyright 1986-2022 Xilinx, Inc. All Rights Reserved. Copyright 2022-2024 Advanced Micro Devices, Inc. All Rights Reserved.
---------------------------------------------------------------------------------------------------------------------------------------------
| Tool Version : Vivado v.2024.2 (win64) Build 5239630 Fri Nov 08 22:35:27 MST 2024
| Date         : Fri Apr 25 06:26:29 2025
| Host         : DESKTOP-191C9FV running 64-bit major release  (build 9200)
| Command      : report_control_sets -verbose -file topModuleUART_control_sets_placed.rpt
| Design       : topModuleUART
| Device       : xc7a100t
---------------------------------------------------------------------------------------------------------------------------------------------

Control Set Information

Table of Contents
-----------------
1. Summary
2. Histogram
3. Flip-Flop Distribution
4. Detailed Control Set Information

1. Summary
----------

+----------------------------------------------------------+-------+
|                          Status                          | Count |
+----------------------------------------------------------+-------+
| Total control sets                                       |    31 |
|    Minimum number of control sets                        |    31 |
|    Addition due to synthesis replication                 |     0 |
|    Addition due to physical synthesis replication        |     0 |
| Unused register locations in slices containing registers |    91 |
+----------------------------------------------------------+-------+
* Control sets can be merged at opt_design using control_set_merge or merge_equivalent_drivers
** Run report_qor_suggestions for automated merging and remapping suggestions


2. Histogram
------------

+--------------------+-------+
|       Fanout       | Count |
+--------------------+-------+
| Total control sets |    31 |
| >= 0 to < 4        |     4 |
| >= 4 to < 6        |     5 |
| >= 6 to < 8        |     8 |
| >= 8 to < 10       |     5 |
| >= 10 to < 12      |     4 |
| >= 12 to < 14      |     1 |
| >= 14 to < 16      |     0 |
| >= 16              |     4 |
+--------------------+-------+
* Control sets can be remapped at either synth_design or opt_design


3. Flip-Flop Distribution
-------------------------

+--------------+-----------------------+------------------------+-----------------+--------------+
| Clock Enable | Synchronous Set/Reset | Asynchronous Set/Reset | Total Registers | Total Slices |
+--------------+-----------------------+------------------------+-----------------+--------------+
| No           | No                    | No                     |              60 |           36 |
| No           | No                    | Yes                    |              28 |           10 |
| No           | Yes                   | No                     |              16 |            7 |
| Yes          | No                    | No                     |             134 |           57 |
| Yes          | No                    | Yes                    |              13 |            4 |
| Yes          | Yes                   | No                     |              34 |           13 |
+--------------+-----------------------+------------------------+-----------------+--------------+


4. Detailed Control Set Information
-----------------------------------

+----------------------------+--------------------------------------+----------------------------------+------------------+----------------+--------------+
|        Clock Signal        |             Enable Signal            |         Set/Reset Signal         | Slice Load Count | Bel Load Count | Bels / Slice |
+----------------------------+--------------------------------------+----------------------------------+------------------+----------------+--------------+
|  bd/CLK                    | uartController/bitStream_i_2_n_0     | uartController/bitStream_i_1_n_0 |                1 |              1 |         1.00 |
|  clk_IBUF_BUFG             | uut/blipCounter_0                    | uut/blipCounter[4]_i_1_n_0       |                1 |              1 |         1.00 |
|  clk_IBUF_BUFG             | recBit/led0_out                      | rst_IBUF                         |                1 |              1 |         1.00 |
|  clk_IBUF_BUFG             | rf/counter[5]_i_1_n_0                | btnRight_IBUF                    |                1 |              1 |         1.00 |
|  bd/CLK                    | uartController/datCounter[3]_i_1_n_0 | fifo/E[0]                        |                1 |              4 |         4.00 |
|  clk_IBUF_BUFG             | uut/blipCounter_0                    |                                  |                2 |              4 |         2.00 |
|  clk_IBUF_BUFG             | uut/sendCommandCounter               |                                  |                1 |              4 |         4.00 |
|  clk_IBUF_BUFG             | rf/topNibble[3]_i_1_n_0              |                                  |                1 |              4 |         4.00 |
|  clk_IBUF_BUFG             | recBit/tick[3]_i_1_n_0               | rst_IBUF                         |                2 |              4 |         2.00 |
|  bd/CLK                    |                                      |                                  |                2 |              6 |         3.00 |
|  clk_IBUF_BUFG             | recBit/dataOut_reg[3]_0              |                                  |                2 |              6 |         3.00 |
|  clk_IBUF_BUFG             | rf/byteCounter[5]_i_1_n_0            |                                  |                2 |              6 |         3.00 |
|  clk_IBUF_BUFG             | rf/byteRegister[3][7]_i_1_n_0        |                                  |                1 |              6 |         6.00 |
|  clk_IBUF_BUFG             | rf/counter[5]_i_1_n_0                |                                  |                1 |              6 |         6.00 |
|  rf/ssd/seg_reg[0]_i_2_n_0 |                                      |                                  |                2 |              7 |         3.50 |
|  bd/CLK                    | fifo/E[0]                            |                                  |                1 |              7 |         7.00 |
|  clk_IBUF_BUFG             | fifo/state_0                         | fifo/writeOut[6]_i_1_n_0         |                1 |              7 |         7.00 |
|  clk_IBUF_BUFG             | rf/tempOnes[3]_i_1_n_0               |                                  |                3 |              8 |         2.67 |
|  clk_IBUF_BUFG             | recBit/dataOut[7]_i_1__0_n_0         | rst_IBUF                         |                1 |              8 |         8.00 |
|  clk_IBUF_BUFG             | rf/byteRegister[1][7]_i_1_n_0        |                                  |                4 |              8 |         2.00 |
|  clk_IBUF_BUFG             | rf/byteRegister[2][7]_i_1_n_0        |                                  |                5 |              8 |         1.60 |
|  clk_IBUF_BUFG             | rf/byteRegister[0][7]_i_1_n_0        |                                  |                2 |              8 |         4.00 |
|  clk_IBUF_BUFG             | bdr/state__0                         | rst_IBUF                         |                4 |             10 |         2.50 |
|  clk_IBUF_BUFG             | rf/ramCounter[10]_i_2_n_0            | rf/ramCounter[10]_i_1_n_0        |                4 |             10 |         2.50 |
|  clk_IBUF_BUFG             |                                      | bd/counter[9]_i_1__0_n_0         |                5 |             11 |         2.20 |
|  clk_IBUF_BUFG             | uut/statePrev[3]_i_1_n_0             |                                  |                7 |             11 |         1.57 |
|  clk_IBUF_BUFG             | rf/p_0_in__1                         |                                  |                2 |             12 |         6.00 |
|  clk_IBUF_BUFG             | rf/rpmOnes                           |                                  |               11 |             16 |         1.45 |
|  clk_IBUF_BUFG             | uut/secondsCounter[31]_i_1_n_0       |                                  |               14 |             32 |         2.29 |
|  clk_IBUF_BUFG             |                                      | rst_IBUF                         |               12 |             33 |         2.75 |
|  clk_IBUF_BUFG             |                                      |                                  |               32 |             47 |         1.47 |
+----------------------------+--------------------------------------+----------------------------------+------------------+----------------+--------------+


