Copyright 1986-2022 Xilinx, Inc. All Rights Reserved. Copyright 2022-2024 Advanced Micro Devices, Inc. All Rights Reserved.
---------------------------------------------------------------------------------------------------------------------------------------------
| Tool Version : Vivado v.2024.2 (win64) Build 5239630 Fri Nov 08 22:35:27 MST 2024
| Date         : Fri Apr 25 03:19:58 2025
| Host         : DESKTOP-191C9FV running 64-bit major release  (build 9200)
| Command      : report_control_sets -verbose -file topModuleUART_control_sets_placed.rpt
| Design       : topModuleUART
| Device       : xc7a100t
---------------------------------------------------------------------------------------------------------------------------------------------

Control Set Information

Table of Contents
-----------------
1. Summary
2. Histogram
3. Flip-Flop Distribution
4. Detailed Control Set Information

1. Summary
----------

+----------------------------------------------------------+-------+
|                          Status                          | Count |
+----------------------------------------------------------+-------+
| Total control sets                                       |    49 |
|    Minimum number of control sets                        |    49 |
|    Addition due to synthesis replication                 |     0 |
|    Addition due to physical synthesis replication        |     0 |
| Unused register locations in slices containing registers |    98 |
+----------------------------------------------------------+-------+
* Control sets can be merged at opt_design using control_set_merge or merge_equivalent_drivers
** Run report_qor_suggestions for automated merging and remapping suggestions


2. Histogram
------------

+--------------------+-------+
|       Fanout       | Count |
+--------------------+-------+
| Total control sets |    49 |
| >= 0 to < 4        |     6 |
| >= 4 to < 6        |    22 |
| >= 6 to < 8        |     6 |
| >= 8 to < 10       |     5 |
| >= 10 to < 12      |     4 |
| >= 12 to < 14      |     1 |
| >= 14 to < 16      |     1 |
| >= 16              |     4 |
+--------------------+-------+
* Control sets can be remapped at either synth_design or opt_design


3. Flip-Flop Distribution
-------------------------

+--------------+-----------------------+------------------------+-----------------+--------------+
| Clock Enable | Synchronous Set/Reset | Asynchronous Set/Reset | Total Registers | Total Slices |
+--------------+-----------------------+------------------------+-----------------+--------------+
| No           | No                    | No                     |              66 |           39 |
| No           | No                    | Yes                    |              28 |           11 |
| No           | Yes                   | No                     |              23 |           11 |
| Yes          | No                    | No                     |             130 |           55 |
| Yes          | No                    | Yes                    |              13 |            6 |
| Yes          | Yes                   | No                     |              50 |           17 |
+--------------+-----------------------+------------------------+-----------------+--------------+


4. Detailed Control Set Information
-----------------------------------

+----------------------------+-----------------------------------------+----------------------------------+------------------+----------------+--------------+
|        Clock Signal        |              Enable Signal              |         Set/Reset Signal         | Slice Load Count | Bel Load Count | Bels / Slice |
+----------------------------+-----------------------------------------+----------------------------------+------------------+----------------+--------------+
|  clk_IBUF_BUFG             | rf/byteCounter[5]_i_2_n_0               | rf/byteCounter[5]_i_1_n_0        |                1 |              1 |         1.00 |
|  clk_IBUF_BUFG             | rf/counter[5]_i_2_n_0                   | btnRight_IBUF                    |                1 |              1 |         1.00 |
|  clk_IBUF_BUFG             | recBit/led0_out                         | rst_IBUF                         |                1 |              1 |         1.00 |
|  bd/CLK                    | uartController/bitStream_i_2_n_0        | uartController/bitStream_i_1_n_0 |                1 |              1 |         1.00 |
|  clk_IBUF_BUFG             | uut/blipCounter_0                       | uut/blipCounter[4]_i_1_n_0       |                1 |              1 |         1.00 |
|  clk_IBUF_BUFG             | rf/byteCounter[5]_i_2_n_0               |                                  |                2 |              3 |         1.50 |
|  clk_IBUF_BUFG             | uut/sendCommandCounter                  |                                  |                3 |              4 |         1.33 |
|  clk_IBUF_BUFG             | ramModule/ram_reg_1664_1791_0_0_i_1_n_0 |                                  |                1 |              4 |         4.00 |
|  bd/CLK                    | uartController/datCounter[3]_i_1_n_0    | fifo/E[0]                        |                1 |              4 |         4.00 |
|  clk_IBUF_BUFG             | ramModule/ram_reg_1024_1151_0_0_i_1_n_0 |                                  |                1 |              4 |         4.00 |
|  clk_IBUF_BUFG             | ramModule/ram_reg_1536_1663_0_0_i_1_n_0 |                                  |                1 |              4 |         4.00 |
|  clk_IBUF_BUFG             | recBit/tick[3]_i_1_n_0                  | rst_IBUF                         |                2 |              4 |         2.00 |
|  clk_IBUF_BUFG             | ramModule/ram_reg_1792_1919_0_0_i_1_n_0 |                                  |                1 |              4 |         4.00 |
|  clk_IBUF_BUFG             | ramModule/ram_reg_1152_1279_0_0_i_1_n_0 |                                  |                1 |              4 |         4.00 |
|  clk_IBUF_BUFG             | uut/blipCounter_0                       |                                  |                1 |              4 |         4.00 |
|  clk_IBUF_BUFG             | ramModule/ram_reg_384_511_0_0_i_1_n_0   |                                  |                1 |              4 |         4.00 |
|  clk_IBUF_BUFG             | ramModule/ram_reg_256_383_0_0_i_1_n_0   |                                  |                1 |              4 |         4.00 |
|  clk_IBUF_BUFG             | ramModule/ram_reg_128_255_0_0_i_1_n_0   |                                  |                1 |              4 |         4.00 |
|  clk_IBUF_BUFG             | ramModule/ram_reg_768_895_0_0_i_1_n_0   |                                  |                1 |              4 |         4.00 |
|  clk_IBUF_BUFG             | rf/counter[5]_i_2_n_0                   | rf/counter[5]_i_1__1_n_0         |                1 |              4 |         4.00 |
|  clk_IBUF_BUFG             | ramModule/ram_reg_512_639_0_0_i_1_n_0   |                                  |                1 |              4 |         4.00 |
|  clk_IBUF_BUFG             | ramModule/ram_reg_1280_1407_0_0_i_1_n_0 |                                  |                1 |              4 |         4.00 |
|  clk_IBUF_BUFG             | ramModule/ram_reg_1920_2047_0_0_i_1_n_0 |                                  |                1 |              4 |         4.00 |
|  clk_IBUF_BUFG             | ramModule/ram_reg_896_1023_0_0_i_1_n_0  |                                  |                1 |              4 |         4.00 |
|  clk_IBUF_BUFG             | ramModule/ram_reg_640_767_0_0_i_1_n_0   |                                  |                1 |              4 |         4.00 |
|  clk_IBUF_BUFG             | rf/topNibble[3]_i_1_n_0                 |                                  |                1 |              4 |         4.00 |
|  clk_IBUF_BUFG             | ramModule/ram_reg_1408_1535_0_0_i_1_n_0 |                                  |                1 |              4 |         4.00 |
|  clk_IBUF_BUFG             | ramModule/ram_reg_0_127_0_0_i_1_n_0     |                                  |                1 |              4 |         4.00 |
|  clk_IBUF_BUFG             | rf/byteRegister[3][7]_i_1_n_0           |                                  |                3 |              6 |         2.00 |
|  bd/CLK                    |                                         |                                  |                3 |              6 |         2.00 |
|  clk_IBUF_BUFG             | rf/passoverCounter[5]_i_2_n_0           | rf/passoverCounter[5]_i_1_n_0    |                2 |              6 |         3.00 |
|  bd/CLK                    | fifo/E[0]                               |                                  |                1 |              7 |         7.00 |
|  rf/ssd/seg_reg[0]_i_2_n_0 |                                         |                                  |                5 |              7 |         1.40 |
|  clk_IBUF_BUFG             | fifo/state_0                            | fifo/writeOut[6]_i_1_n_0         |                1 |              7 |         7.00 |
|  clk_IBUF_BUFG             | rf/byteRegister[1][7]_i_1_n_0           |                                  |                2 |              8 |         4.00 |
|  clk_IBUF_BUFG             | rf/byteRegister[2][7]_i_1_n_0           |                                  |                2 |              8 |         4.00 |
|  clk_IBUF_BUFG             | rf/byteRegister[0][7]_i_1_n_0           |                                  |                1 |              8 |         8.00 |
|  clk_IBUF_BUFG             | rf/tempOnes                             |                                  |                3 |              8 |         2.67 |
|  clk_IBUF_BUFG             | recBit/dataOut[7]_i_1__0_n_0            | rst_IBUF                         |                3 |              8 |         2.67 |
|  clk_IBUF_BUFG             | bdr/state__0                            | rst_IBUF                         |                3 |             10 |         3.33 |
|  clk_IBUF_BUFG             |                                         | bd/counter[9]_i_1__0_n_0         |                5 |             11 |         2.20 |
|  clk_IBUF_BUFG             | uut/statePrev[3]_i_1_n_0                |                                  |                6 |             11 |         1.83 |
|  clk_IBUF_BUFG             | rf/rxDone                               |                                  |                4 |             11 |         2.75 |
|  clk_IBUF_BUFG             | rf/p_0_in__1                            |                                  |                2 |             12 |         6.00 |
|  clk_IBUF_BUFG             | rf/ramCounter[9]_i_1_n_0                | rst_IBUF                         |                5 |             15 |         3.00 |
|  clk_IBUF_BUFG             | rf/rpmOnes                              |                                  |               11 |             16 |         1.45 |
|  clk_IBUF_BUFG             | uut/secondsCounter[31]_i_1_n_0          |                                  |               15 |             32 |         2.13 |
|  clk_IBUF_BUFG             |                                         | rst_IBUF                         |               17 |             40 |         2.35 |
|  clk_IBUF_BUFG             |                                         |                                  |               31 |             53 |         1.71 |
+----------------------------+-----------------------------------------+----------------------------------+------------------+----------------+--------------+


