Copyright 1986-2022 Xilinx, Inc. All Rights Reserved. Copyright 2022-2024 Advanced Micro Devices, Inc. All Rights Reserved.
---------------------------------------------------------------------------------------------------------------------------------------------
| Tool Version : Vivado v.2024.2 (win64) Build 5239630 Fri Nov 08 22:35:27 MST 2024
| Date         : Mon Apr  7 09:57:35 2025
| Host         : DESKTOP-191C9FV running 64-bit major release  (build 9200)
| Command      : report_control_sets -verbose -file topMod_control_sets_placed.rpt
| Design       : topMod
| Device       : xc7a100t
---------------------------------------------------------------------------------------------------------------------------------------------

Control Set Information

Table of Contents
-----------------
1. Summary
2. Histogram
3. Flip-Flop Distribution
4. Detailed Control Set Information

1. Summary
----------

+----------------------------------------------------------+-------+
|                          Status                          | Count |
+----------------------------------------------------------+-------+
| Total control sets                                       |    10 |
|    Minimum number of control sets                        |    10 |
|    Addition due to synthesis replication                 |     0 |
|    Addition due to physical synthesis replication        |     0 |
| Unused register locations in slices containing registers |    40 |
+----------------------------------------------------------+-------+
* Control sets can be merged at opt_design using control_set_merge or merge_equivalent_drivers
** Run report_qor_suggestions for automated merging and remapping suggestions


2. Histogram
------------

+--------------------+-------+
|       Fanout       | Count |
+--------------------+-------+
| Total control sets |    10 |
| >= 0 to < 4        |     1 |
| >= 4 to < 6        |     3 |
| >= 6 to < 8        |     3 |
| >= 8 to < 10       |     1 |
| >= 10 to < 12      |     2 |
| >= 12 to < 14      |     0 |
| >= 14 to < 16      |     0 |
| >= 16              |     0 |
+--------------------+-------+
* Control sets can be remapped at either synth_design or opt_design


3. Flip-Flop Distribution
-------------------------

+--------------+-----------------------+------------------------+-----------------+--------------+
| Clock Enable | Synchronous Set/Reset | Asynchronous Set/Reset | Total Registers | Total Slices |
+--------------+-----------------------+------------------------+-----------------+--------------+
| No           | No                    | No                     |              17 |            6 |
| No           | No                    | Yes                    |               0 |            0 |
| No           | Yes                   | No                     |              11 |            3 |
| Yes          | No                    | No                     |              20 |            5 |
| Yes          | No                    | Yes                    |               0 |            0 |
| Yes          | Yes                   | No                     |              16 |            4 |
+--------------+-----------------------+------------------------+-----------------+--------------+


4. Detailed Control Set Information
-----------------------------------

+----------------+--------------------------------------+----------------------------------+------------------+----------------+--------------+
|  Clock Signal  |             Enable Signal            |         Set/Reset Signal         | Slice Load Count | Bel Load Count | Bels / Slice |
+----------------+--------------------------------------+----------------------------------+------------------+----------------+--------------+
|  bd/CLK        | uartController/bitStream_i_2_n_0     | uartController/bitStream_i_1_n_0 |                1 |              1 |         1.00 |
|  bd/CLK        | uartController/datCounter[3]_i_1_n_0 | fifo/E[0]                        |                1 |              4 |         4.00 |
|  clk_IBUF_BUFG | uut/blipCounter[4]_i_2_n_0           | uut/blipCounter[4]_i_1_n_0       |                1 |              4 |         4.00 |
|  clk_IBUF_BUFG | uut/sendCommandCounter[3]_i_1_n_0    |                                  |                1 |              4 |         4.00 |
|  bd/CLK        |                                      |                                  |                2 |              6 |         3.00 |
|  bd/CLK        | fifo/E[0]                            |                                  |                1 |              7 |         7.00 |
|  clk_IBUF_BUFG | fifo/state_0                         | fifo/writeOut[6]_i_1_n_0         |                1 |              7 |         7.00 |
|  clk_IBUF_BUFG | uut/statePrev[1]_i_1_n_0             |                                  |                3 |              9 |         3.00 |
|  clk_IBUF_BUFG |                                      |                                  |                4 |             11 |         2.75 |
|  clk_IBUF_BUFG |                                      | bd/counter[9]_i_1_n_0            |                3 |             11 |         3.67 |
+----------------+--------------------------------------+----------------------------------+------------------+----------------+--------------+


