
*** Running vivado
    with args -log topModuleUART.vds -m64 -product Vivado -mode batch -messageDb vivado.pb -notrace -source topModuleUART.tcl



****** Vivado v2024.2 (64-bit)
  **** SW Build 5239630 on Fri Nov 08 22:35:27 MST 2024
  **** IP Build 5239520 on Sun Nov 10 16:12:51 MST 2024
  **** SharedData Build 5239561 on Fri Nov 08 14:39:27 MST 2024
  **** Start of session at: Thu Apr 24 15:08:05 2025
    ** Copyright 1986-2022 Xilinx, Inc. All Rights Reserved.
    ** Copyright 2022-2024 Advanced Micro Devices, Inc. All Rights Reserved.

source topModuleUART.tcl -notrace
Command: read_checkpoint -auto_incremental -incremental C:/CSEE4280Workpace/final_Project/uartTransmit_vivado/vivado/uartTransmitGit/uartTransmitGit.srcs/utils_1/imports/synth_1/topModuleUART.dcp
INFO: [Vivado 12-5825] Read reference checkpoint from C:/CSEE4280Workpace/final_Project/uartTransmit_vivado/vivado/uartTransmitGit/uartTransmitGit.srcs/utils_1/imports/synth_1/topModuleUART.dcp for incremental synthesis
INFO: [Vivado 12-7989] Please ensure there are no constraint changes
Command: synth_design -top topModuleUART -part xc7a100tcsg324-1
Starting synth_design
Attempting to get a license for feature 'Synthesis' and/or device 'xc7a100t'
INFO: [Common 17-349] Got license for feature 'Synthesis' and/or device 'xc7a100t'
INFO: [Device 21-403] Loading part xc7a100tcsg324-1
INFO: [Designutils 20-5440] No compile time benefit to using incremental synthesis; A full resynthesis will be run
INFO: [Designutils 20-4379] Flow is switching to default flow due to incremental criteria not met. If you would like to alter this behaviour and have the flow terminate instead, please set the following parameter config_implementation {autoIncr.Synth.RejectBehavior Terminate}
INFO: [Synth 8-7079] Multithreading enabled for synth_design using a maximum of 2 processes.
INFO: [Synth 8-7078] Launching helper process for spawning children vivado processes
INFO: [Synth 8-7075] Helper process launched with PID 75920
---------------------------------------------------------------------------------
Starting RTL Elaboration : Time (s): cpu = 00:00:03 ; elapsed = 00:00:09 . Memory (MB): peak = 1046.449 ; gain = 469.656
---------------------------------------------------------------------------------
WARNING: [Synth 8-10714] extra semicolon is not allowed here in this dialect; use SystemVerilog mode instead [C:/CSEE4280Workpace/final_Project/fpgaMain_read.v:19]
INFO: [Synth 8-6157] synthesizing module 'topModuleUART' [C:/CSEE4280Workpace/final_Project/topModuleUART.v:3]
INFO: [Synth 8-6157] synthesizing module 'fpgaMain_transmit' [C:/CSEE4280Workpace/final_Project/fpgaMain_transmit.v:1]
INFO: [Synth 8-6155] done synthesizing module 'fpgaMain_transmit' (0#1) [C:/CSEE4280Workpace/final_Project/fpgaMain_transmit.v:1]
INFO: [Synth 8-6157] synthesizing module 'transmit_uart' [C:/CSEE4280Workpace/final_Project/transmit_uart.v:1]
INFO: [Synth 8-226] default block is never used [C:/CSEE4280Workpace/final_Project/transmit_uart.v:39]
INFO: [Synth 8-6155] done synthesizing module 'transmit_uart' (0#1) [C:/CSEE4280Workpace/final_Project/transmit_uart.v:1]
INFO: [Synth 8-6157] synthesizing module 'baudRate' [C:/CSEE4280Workpace/final_Project/baudRate.v:3]
INFO: [Synth 8-226] default block is never used [C:/CSEE4280Workpace/final_Project/baudRate.v:35]
INFO: [Synth 8-6155] done synthesizing module 'baudRate' (0#1) [C:/CSEE4280Workpace/final_Project/baudRate.v:3]
INFO: [Synth 8-6157] synthesizing module 'transmit_fifo' [C:/CSEE4280Workpace/final_Project/transmit_fifo.v:25]
INFO: [Synth 8-226] default block is never used [C:/CSEE4280Workpace/final_Project/transmit_fifo.v:44]
INFO: [Synth 8-6155] done synthesizing module 'transmit_fifo' (0#1) [C:/CSEE4280Workpace/final_Project/transmit_fifo.v:25]
INFO: [Synth 8-6157] synthesizing module 'baudRateRead' [C:/CSEE4280Workpace/final_Project/baudRateRead.v:1]
INFO: [Synth 8-155] case statement is not full and has no default [C:/CSEE4280Workpace/final_Project/baudRateRead.v:24]
INFO: [Synth 8-6155] done synthesizing module 'baudRateRead' (0#1) [C:/CSEE4280Workpace/final_Project/baudRateRead.v:1]
INFO: [Synth 8-6157] synthesizing module 'receiver_uart' [C:/CSEE4280Workpace/final_Project/receiver_uart.v:1]
INFO: [Synth 8-6155] done synthesizing module 'receiver_uart' (0#1) [C:/CSEE4280Workpace/final_Project/receiver_uart.v:1]
INFO: [Synth 8-6157] synthesizing module 'read_fifo' [C:/CSEE4280Workpace/final_Project/read_fifo.v:1]
INFO: [Synth 8-6157] synthesizing module 'ssd' [C:/CSEE4280Workpace/final_Project/ssd.v:3]
INFO: [Synth 8-226] default block is never used [C:/CSEE4280Workpace/final_Project/ssd.v:48]
INFO: [Synth 8-155] case statement is not full and has no default [C:/CSEE4280Workpace/final_Project/ssd.v:65]
INFO: [Synth 8-155] case statement is not full and has no default [C:/CSEE4280Workpace/final_Project/ssd.v:80]
INFO: [Synth 8-155] case statement is not full and has no default [C:/CSEE4280Workpace/final_Project/ssd.v:95]
INFO: [Synth 8-155] case statement is not full and has no default [C:/CSEE4280Workpace/final_Project/ssd.v:110]
INFO: [Synth 8-155] case statement is not full and has no default [C:/CSEE4280Workpace/final_Project/ssd.v:133]
INFO: [Synth 8-155] case statement is not full and has no default [C:/CSEE4280Workpace/final_Project/ssd.v:148]
INFO: [Synth 8-6155] done synthesizing module 'ssd' (0#1) [C:/CSEE4280Workpace/final_Project/ssd.v:3]
INFO: [Synth 8-6155] done synthesizing module 'read_fifo' (0#1) [C:/CSEE4280Workpace/final_Project/read_fifo.v:1]
INFO: [Synth 8-6157] synthesizing module 'fpgaMain_read' [C:/CSEE4280Workpace/final_Project/fpgaMain_read.v:3]
INFO: [Synth 8-6157] synthesizing module 'singlePortRam' [C:/CSEE4280Workpace/final_Project/singlePortRam.v:1]
INFO: [Synth 8-6155] done synthesizing module 'singlePortRam' (0#1) [C:/CSEE4280Workpace/final_Project/singlePortRam.v:1]
WARNING: [Synth 8-689] width (16) of port connection 'address' does not match port width (11) of module 'singlePortRam' [C:/CSEE4280Workpace/final_Project/fpgaMain_read.v:28]
INFO: [Synth 8-6155] done synthesizing module 'fpgaMain_read' (0#1) [C:/CSEE4280Workpace/final_Project/fpgaMain_read.v:3]
INFO: [Synth 8-6155] done synthesizing module 'topModuleUART' (0#1) [C:/CSEE4280Workpace/final_Project/topModuleUART.v:3]
WARNING: [Synth 8-6014] Unused sequential element state_reg was removed.  [C:/CSEE4280Workpace/final_Project/fpgaMain_transmit.v:30]
WARNING: [Synth 8-6014] Unused sequential element state_reg was removed.  [C:/CSEE4280Workpace/final_Project/read_fifo.v:104]
WARNING: [Synth 8-6014] Unused sequential element coolantFound_reg was removed.  [C:/CSEE4280Workpace/final_Project/read_fifo.v:134]
WARNING: [Synth 8-6014] Unused sequential element rpmFound_reg was removed.  [C:/CSEE4280Workpace/final_Project/read_fifo.v:135]
WARNING: [Synth 8-6014] Unused sequential element bottomNibble_reg was removed.  [C:/CSEE4280Workpace/final_Project/read_fifo.v:177]
WARNING: [Synth 8-6014] Unused sequential element fullByte_reg was removed.  [C:/CSEE4280Workpace/final_Project/read_fifo.v:183]
WARNING: [Synth 8-6014] Unused sequential element byteRegister_reg[4] was removed.  [C:/CSEE4280Workpace/final_Project/read_fifo.v:185]
WARNING: [Synth 8-6014] Unused sequential element byteRegister_reg[5] was removed.  [C:/CSEE4280Workpace/final_Project/read_fifo.v:185]
WARNING: [Synth 8-6014] Unused sequential element byteRegister_reg[6] was removed.  [C:/CSEE4280Workpace/final_Project/read_fifo.v:185]
WARNING: [Synth 8-6014] Unused sequential element byteRegister_reg[7] was removed.  [C:/CSEE4280Workpace/final_Project/read_fifo.v:185]
WARNING: [Synth 8-6014] Unused sequential element byteRegister_reg[8] was removed.  [C:/CSEE4280Workpace/final_Project/read_fifo.v:185]
WARNING: [Synth 8-6014] Unused sequential element ram_reg was removed. 
WARNING: [Synth 8-6014] Unused sequential element state_reg was removed.  [C:/CSEE4280Workpace/final_Project/fpgaMain_read.v:38]
WARNING: [Synth 8-6014] Unused sequential element currBit_reg was removed.  [C:/CSEE4280Workpace/final_Project/fpgaMain_read.v:40]
WARNING: [Synth 8-7129] Port writeEnable in module singlePortRam is either unconnected or has no load
WARNING: [Synth 8-7129] Port address[10] in module singlePortRam is either unconnected or has no load
WARNING: [Synth 8-7129] Port address[9] in module singlePortRam is either unconnected or has no load
WARNING: [Synth 8-7129] Port address[8] in module singlePortRam is either unconnected or has no load
WARNING: [Synth 8-7129] Port address[7] in module singlePortRam is either unconnected or has no load
WARNING: [Synth 8-7129] Port address[6] in module singlePortRam is either unconnected or has no load
WARNING: [Synth 8-7129] Port address[5] in module singlePortRam is either unconnected or has no load
WARNING: [Synth 8-7129] Port address[4] in module singlePortRam is either unconnected or has no load
WARNING: [Synth 8-7129] Port address[3] in module singlePortRam is either unconnected or has no load
WARNING: [Synth 8-7129] Port address[2] in module singlePortRam is either unconnected or has no load
WARNING: [Synth 8-7129] Port address[1] in module singlePortRam is either unconnected or has no load
WARNING: [Synth 8-7129] Port address[0] in module singlePortRam is either unconnected or has no load
WARNING: [Synth 8-7129] Port writeIn[15] in module singlePortRam is either unconnected or has no load
WARNING: [Synth 8-7129] Port writeIn[14] in module singlePortRam is either unconnected or has no load
WARNING: [Synth 8-7129] Port writeIn[13] in module singlePortRam is either unconnected or has no load
WARNING: [Synth 8-7129] Port writeIn[12] in module singlePortRam is either unconnected or has no load
WARNING: [Synth 8-7129] Port writeIn[11] in module singlePortRam is either unconnected or has no load
WARNING: [Synth 8-7129] Port writeIn[10] in module singlePortRam is either unconnected or has no load
WARNING: [Synth 8-7129] Port writeIn[9] in module singlePortRam is either unconnected or has no load
WARNING: [Synth 8-7129] Port writeIn[8] in module singlePortRam is either unconnected or has no load
WARNING: [Synth 8-7129] Port writeIn[7] in module singlePortRam is either unconnected or has no load
WARNING: [Synth 8-7129] Port writeIn[6] in module singlePortRam is either unconnected or has no load
WARNING: [Synth 8-7129] Port writeIn[5] in module singlePortRam is either unconnected or has no load
WARNING: [Synth 8-7129] Port writeIn[4] in module singlePortRam is either unconnected or has no load
WARNING: [Synth 8-7129] Port writeIn[3] in module singlePortRam is either unconnected or has no load
WARNING: [Synth 8-7129] Port writeIn[2] in module singlePortRam is either unconnected or has no load
WARNING: [Synth 8-7129] Port writeIn[1] in module singlePortRam is either unconnected or has no load
WARNING: [Synth 8-7129] Port writeIn[0] in module singlePortRam is either unconnected or has no load
WARNING: [Synth 8-7129] Port rst in module fpgaMain_read is either unconnected or has no load
WARNING: [Synth 8-7129] Port switchInputs[2] in module fpgaMain_transmit is either unconnected or has no load
WARNING: [Synth 8-7129] Port switchInputs[1] in module fpgaMain_transmit is either unconnected or has no load
---------------------------------------------------------------------------------
Finished RTL Elaboration : Time (s): cpu = 00:00:04 ; elapsed = 00:00:12 . Memory (MB): peak = 1164.219 ; gain = 587.426
---------------------------------------------------------------------------------
---------------------------------------------------------------------------------
Start Handling Custom Attributes
---------------------------------------------------------------------------------
---------------------------------------------------------------------------------
Finished Handling Custom Attributes : Time (s): cpu = 00:00:04 ; elapsed = 00:00:12 . Memory (MB): peak = 1164.219 ; gain = 587.426
---------------------------------------------------------------------------------
---------------------------------------------------------------------------------
Finished RTL Optimization Phase 1 : Time (s): cpu = 00:00:04 ; elapsed = 00:00:12 . Memory (MB): peak = 1164.219 ; gain = 587.426
---------------------------------------------------------------------------------
Netlist sorting complete. Time (s): cpu = 00:00:00 ; elapsed = 00:00:00.017 . Memory (MB): peak = 1164.219 ; gain = 0.000
INFO: [Project 1-570] Preparing netlist for logic optimization

Processing XDC Constraints
Initializing timing engine
Parsing XDC File [C:/CSEE4280Workpace/final_Project/master.xdc]
Finished Parsing XDC File [C:/CSEE4280Workpace/final_Project/master.xdc]
INFO: [Project 1-236] Implementation specific constraints were found while reading constraint file [C:/CSEE4280Workpace/final_Project/master.xdc]. These constraints will be ignored for synthesis but will be used in implementation. Impacted constraints are listed in the file [.Xil/topModuleUART_propImpl.xdc].
Resolution: To avoid this warning, move constraints listed in [.Xil/topModuleUART_propImpl.xdc] to another XDC file and exclude this new file from synthesis with the used_in_synthesis property (File Properties dialog in GUI) and re-run elaboration/synthesis.
Completed Processing XDC Constraints

Netlist sorting complete. Time (s): cpu = 00:00:00 ; elapsed = 00:00:00.001 . Memory (MB): peak = 1254.461 ; gain = 0.000
INFO: [Project 1-111] Unisim Transformation Summary:
No Unisim elements were transformed.

Constraint Validation Runtime : Time (s): cpu = 00:00:00 ; elapsed = 00:00:00.008 . Memory (MB): peak = 1254.461 ; gain = 0.000
INFO: [Designutils 20-5440] No compile time benefit to using incremental synthesis; A full resynthesis will be run
INFO: [Designutils 20-4379] Flow is switching to default flow due to incremental criteria not met. If you would like to alter this behaviour and have the flow terminate instead, please set the following parameter config_implementation {autoIncr.Synth.RejectBehavior Terminate}
---------------------------------------------------------------------------------
Finished Constraint Validation : Time (s): cpu = 00:00:10 ; elapsed = 00:00:26 . Memory (MB): peak = 1254.461 ; gain = 677.668
---------------------------------------------------------------------------------
---------------------------------------------------------------------------------
Start Loading Part and Timing Information
---------------------------------------------------------------------------------
Loading part: xc7a100tcsg324-1
---------------------------------------------------------------------------------
Finished Loading Part and Timing Information : Time (s): cpu = 00:00:10 ; elapsed = 00:00:26 . Memory (MB): peak = 1254.461 ; gain = 677.668
---------------------------------------------------------------------------------
---------------------------------------------------------------------------------
Start Applying 'set_property' XDC Constraints
---------------------------------------------------------------------------------
---------------------------------------------------------------------------------
Finished applying 'set_property' XDC Constraints : Time (s): cpu = 00:00:10 ; elapsed = 00:00:26 . Memory (MB): peak = 1254.461 ; gain = 677.668
---------------------------------------------------------------------------------
INFO: [Synth 8-802] inferred FSM for state register 'state_reg' in module 'baudRateRead'
INFO: [Synth 8-802] inferred FSM for state register 'state_reg' in module 'receiver_uart'
INFO: [Synth 8-802] inferred FSM for state register 'stateNext_reg' in module 'fpgaMain_read'
---------------------------------------------------------------------------------------------------
                   State |                     New Encoding |                Previous Encoding 
---------------------------------------------------------------------------------------------------
                   sWait |                                0 |                               00
                  sPulse |                                1 |                               01
---------------------------------------------------------------------------------------------------
INFO: [Synth 8-3354] encoded FSM with state register 'state_reg' using encoding 'sequential' in module 'baudRateRead'
---------------------------------------------------------------------------------------------------
                   State |                     New Encoding |                Previous Encoding 
---------------------------------------------------------------------------------------------------
                   sIdle |                               00 |                               00
                  sStart |                               01 |                               01
                   sData |                               10 |                               10
                   sStop |                               11 |                               11
---------------------------------------------------------------------------------------------------
INFO: [Synth 8-3354] encoded FSM with state register 'state_reg' using encoding 'sequential' in module 'receiver_uart'
WARNING: [Synth 8-327] inferring latch for variable 'seg_reg' [C:/CSEE4280Workpace/final_Project/ssd.v:66]
---------------------------------------------------------------------------------------------------
                   State |                     New Encoding |                Previous Encoding 
---------------------------------------------------------------------------------------------------
                   sIdle |                                0 |                               00
                   sLoad |                                1 |                               01
---------------------------------------------------------------------------------------------------
INFO: [Synth 8-3354] encoded FSM with state register 'stateNext_reg' using encoding 'sequential' in module 'fpgaMain_read'
---------------------------------------------------------------------------------
Finished RTL Optimization Phase 2 : Time (s): cpu = 00:00:10 ; elapsed = 00:00:28 . Memory (MB): peak = 1254.461 ; gain = 677.668
---------------------------------------------------------------------------------
---------------------------------------------------------------------------------
Start RTL Component Statistics 
---------------------------------------------------------------------------------
Detailed RTL Component Info : 
+---Adders : 
	   2 Input   32 Bit       Adders := 1     
	   2 Input   17 Bit       Adders := 1     
	   2 Input   16 Bit       Adders := 2     
	   2 Input   10 Bit       Adders := 2     
	   2 Input    6 Bit       Adders := 5     
	   2 Input    4 Bit       Adders := 3     
	   2 Input    3 Bit       Adders := 3     
	   2 Input    2 Bit       Adders := 1     
+---Registers : 
	               32 Bit    Registers := 1     
	               17 Bit    Registers := 1     
	               16 Bit    Registers := 2     
	               10 Bit    Registers := 3     
	                8 Bit    Registers := 21    
	                6 Bit    Registers := 5     
	                5 Bit    Registers := 2     
	                4 Bit    Registers := 10    
	                3 Bit    Registers := 4     
	                2 Bit    Registers := 1     
	                1 Bit    Registers := 22    
+---RAMs : 
	              256 Bit	(32 X 8 bit)          RAMs := 1     
+---Muxes : 
	   2 Input   32 Bit        Muxes := 5     
	   2 Input   16 Bit        Muxes := 1     
	   2 Input   10 Bit        Muxes := 2     
	   4 Input    8 Bit        Muxes := 1     
	   5 Input    8 Bit        Muxes := 1     
	   8 Input    8 Bit        Muxes := 1     
	   2 Input    8 Bit        Muxes := 1     
	   2 Input    6 Bit        Muxes := 3     
	  12 Input    6 Bit        Muxes := 1     
	   6 Input    6 Bit        Muxes := 4     
	   2 Input    4 Bit        Muxes := 7     
	  12 Input    4 Bit        Muxes := 1     
	   3 Input    4 Bit        Muxes := 2     
	   4 Input    4 Bit        Muxes := 1     
	   3 Input    3 Bit        Muxes := 1     
	   2 Input    3 Bit        Muxes := 3     
	   4 Input    3 Bit        Muxes := 1     
	   3 Input    2 Bit        Muxes := 1     
	   2 Input    2 Bit        Muxes := 1     
	   4 Input    2 Bit        Muxes := 1     
	   2 Input    1 Bit        Muxes := 56    
	  12 Input    1 Bit        Muxes := 5     
	   4 Input    1 Bit        Muxes := 6     
	  11 Input    1 Bit        Muxes := 6     
	   6 Input    1 Bit        Muxes := 16    
---------------------------------------------------------------------------------
Finished RTL Component Statistics 
---------------------------------------------------------------------------------
---------------------------------------------------------------------------------
Start Part Resource Summary
---------------------------------------------------------------------------------
Part Resources:
DSPs: 240 (col length:80)
BRAMs: 270 (col length: RAMB18 80 RAMB36 40)
---------------------------------------------------------------------------------
Finished Part Resource Summary
---------------------------------------------------------------------------------
---------------------------------------------------------------------------------
Start Cross Boundary and Area Optimization
---------------------------------------------------------------------------------
WARNING: [Synth 8-7080] Parallel synthesis criteria is not met
WARNING: [Synth 8-7129] Port switchInputs[2] in module topModuleUART is either unconnected or has no load
WARNING: [Synth 8-7129] Port switchInputs[1] in module topModuleUART is either unconnected or has no load
WARNING: [Synth 8-3332] Sequential element (fpgaMain/FSM_sequential_stateNext_reg) is unused and will be removed from module topModuleUART.
---------------------------------------------------------------------------------
Finished Cross Boundary and Area Optimization : Time (s): cpu = 00:00:20 ; elapsed = 00:00:47 . Memory (MB): peak = 1398.418 ; gain = 821.625
---------------------------------------------------------------------------------
---------------------------------------------------------------------------------
Start ROM, RAM, DSP, Shift Register and Retiming Reporting
---------------------------------------------------------------------------------

Distributed RAM: Preliminary Mapping Report (see note below)
+------------+------------------+-----------+----------------------+-------------+
|Module Name | RTL Object       | Inference | Size (Depth x Width) | Primitives  | 
+------------+------------------+-----------+----------------------+-------------+
|rf          | fifoRegister_reg | Implied   | 32 x 8               | RAM32M x 2  | 
+------------+------------------+-----------+----------------------+-------------+

Note: The table above is a preliminary report that shows the Distributed RAMs at the current stage of the synthesis flow. Some Distributed RAMs may be reimplemented as non Distributed RAM primitives later in the synthesis flow. Multiple instantiated RAMs are reported only once.
---------------------------------------------------------------------------------
Finished ROM, RAM, DSP, Shift Register and Retiming Reporting
---------------------------------------------------------------------------------
---------------------------------------------------------------------------------
Start Applying XDC Timing Constraints
---------------------------------------------------------------------------------
---------------------------------------------------------------------------------
Finished Applying XDC Timing Constraints : Time (s): cpu = 00:00:25 ; elapsed = 00:00:57 . Memory (MB): peak = 1413.328 ; gain = 836.535
---------------------------------------------------------------------------------
---------------------------------------------------------------------------------
Start Timing Optimization
---------------------------------------------------------------------------------
---------------------------------------------------------------------------------
Finished Timing Optimization : Time (s): cpu = 00:00:28 ; elapsed = 00:01:03 . Memory (MB): peak = 1455.871 ; gain = 879.078
---------------------------------------------------------------------------------
---------------------------------------------------------------------------------
Start ROM, RAM, DSP, Shift Register and Retiming Reporting
---------------------------------------------------------------------------------

Distributed RAM: Final Mapping Report
+------------+------------------+-----------+----------------------+-------------+
|Module Name | RTL Object       | Inference | Size (Depth x Width) | Primitives  | 
+------------+------------------+-----------+----------------------+-------------+
|rf          | fifoRegister_reg | Implied   | 32 x 8               | RAM32M x 2  | 
+------------+------------------+-----------+----------------------+-------------+

---------------------------------------------------------------------------------
Finished ROM, RAM, DSP, Shift Register and Retiming Reporting
---------------------------------------------------------------------------------
---------------------------------------------------------------------------------
Start Technology Mapping
---------------------------------------------------------------------------------
---------------------------------------------------------------------------------
Finished Technology Mapping : Time (s): cpu = 00:00:29 ; elapsed = 00:01:03 . Memory (MB): peak = 1474.465 ; gain = 897.672
---------------------------------------------------------------------------------
---------------------------------------------------------------------------------
Start IO Insertion
---------------------------------------------------------------------------------
---------------------------------------------------------------------------------
Start Flattening Before IO Insertion
---------------------------------------------------------------------------------
---------------------------------------------------------------------------------
Finished Flattening Before IO Insertion
---------------------------------------------------------------------------------
---------------------------------------------------------------------------------
Start Final Netlist Cleanup
---------------------------------------------------------------------------------
---------------------------------------------------------------------------------
Finished Final Netlist Cleanup
---------------------------------------------------------------------------------
---------------------------------------------------------------------------------
Finished IO Insertion : Time (s): cpu = 00:00:32 ; elapsed = 00:01:10 . Memory (MB): peak = 1624.492 ; gain = 1047.699
---------------------------------------------------------------------------------
---------------------------------------------------------------------------------
Start Renaming Generated Instances
---------------------------------------------------------------------------------
---------------------------------------------------------------------------------
Finished Renaming Generated Instances : Time (s): cpu = 00:00:32 ; elapsed = 00:01:10 . Memory (MB): peak = 1624.492 ; gain = 1047.699
---------------------------------------------------------------------------------
---------------------------------------------------------------------------------
Start Rebuilding User Hierarchy
---------------------------------------------------------------------------------
---------------------------------------------------------------------------------
Finished Rebuilding User Hierarchy : Time (s): cpu = 00:00:32 ; elapsed = 00:01:10 . Memory (MB): peak = 1624.492 ; gain = 1047.699
---------------------------------------------------------------------------------
---------------------------------------------------------------------------------
Start Renaming Generated Ports
---------------------------------------------------------------------------------
---------------------------------------------------------------------------------
Finished Renaming Generated Ports : Time (s): cpu = 00:00:32 ; elapsed = 00:01:10 . Memory (MB): peak = 1624.492 ; gain = 1047.699
---------------------------------------------------------------------------------
---------------------------------------------------------------------------------
Start Handling Custom Attributes
---------------------------------------------------------------------------------
---------------------------------------------------------------------------------
Finished Handling Custom Attributes : Time (s): cpu = 00:00:32 ; elapsed = 00:01:10 . Memory (MB): peak = 1624.492 ; gain = 1047.699
---------------------------------------------------------------------------------
---------------------------------------------------------------------------------
Start Renaming Generated Nets
---------------------------------------------------------------------------------
---------------------------------------------------------------------------------
Finished Renaming Generated Nets : Time (s): cpu = 00:00:32 ; elapsed = 00:01:10 . Memory (MB): peak = 1624.492 ; gain = 1047.699
---------------------------------------------------------------------------------
---------------------------------------------------------------------------------
Start Writing Synthesis Report
---------------------------------------------------------------------------------

Report BlackBoxes: 
+-+--------------+----------+
| |BlackBox name |Instances |
+-+--------------+----------+
+-+--------------+----------+

Report Cell Usage: 
+------+---------+------+
|      |Cell     |Count |
+------+---------+------+
|1     |BUFG     |     1|
|2     |CARRY4   |    32|
|3     |LUT1     |     9|
|4     |LUT2     |    82|
|5     |LUT3     |    81|
|6     |LUT4     |   108|
|7     |LUT5     |    85|
|8     |LUT6     |   162|
|9     |MUXF7    |     2|
|10    |RAM32M   |     1|
|11    |RAM32X1D |     2|
|12    |FDCE     |    41|
|13    |FDRE     |   193|
|14    |FDSE     |     2|
|15    |LD       |     7|
|16    |IBUF     |     5|
|17    |OBUF     |    20|
+------+---------+------+
---------------------------------------------------------------------------------
Finished Writing Synthesis Report : Time (s): cpu = 00:00:32 ; elapsed = 00:01:10 . Memory (MB): peak = 1624.492 ; gain = 1047.699
---------------------------------------------------------------------------------
Synthesis finished with 0 errors, 0 critical warnings and 5 warnings.
Synthesis Optimization Runtime : Time (s): cpu = 00:00:26 ; elapsed = 00:01:07 . Memory (MB): peak = 1624.492 ; gain = 957.457
Synthesis Optimization Complete : Time (s): cpu = 00:00:32 ; elapsed = 00:01:10 . Memory (MB): peak = 1624.492 ; gain = 1047.699
INFO: [Project 1-571] Translating synthesized netlist
Netlist sorting complete. Time (s): cpu = 00:00:00 ; elapsed = 00:00:00.009 . Memory (MB): peak = 1633.703 ; gain = 0.000
INFO: [Netlist 29-17] Analyzing 44 Unisim elements for replacement
INFO: [Netlist 29-28] Unisim Transformation completed in 0 CPU seconds
INFO: [Project 1-570] Preparing netlist for logic optimization
INFO: [Opt 31-138] Pushed 0 inverter(s) to 0 load pin(s).
Netlist sorting complete. Time (s): cpu = 00:00:00 ; elapsed = 00:00:00.001 . Memory (MB): peak = 1637.332 ; gain = 0.000
INFO: [Project 1-111] Unisim Transformation Summary:
  A total of 10 instances were transformed.
  LD => LDCE: 7 instances
  RAM32M => RAM32M (RAMD32(x6), RAMS32(x2)): 1 instance 
  RAM32X1D => RAM32X1D (RAMD32(x2)): 2 instances

Synth Design complete | Checksum: 60979489
INFO: [Common 17-83] Releasing license: Synthesis
60 Infos, 52 Warnings, 0 Critical Warnings and 0 Errors encountered.
synth_design completed successfully
synth_design: Time (s): cpu = 00:00:35 ; elapsed = 00:01:20 . Memory (MB): peak = 1637.332 ; gain = 1264.848
Write ShapeDB Complete: Time (s): cpu = 00:00:00 ; elapsed = 00:00:00.004 . Memory (MB): peak = 1637.332 ; gain = 0.000
INFO: [Common 17-1381] The checkpoint 'C:/CSEE4280Workpace/final_Project/uartTransmit_vivado/vivado/uartTransmitGit/uartTransmitGit.runs/synth_1/topModuleUART.dcp' has been generated.
INFO: [Vivado 12-24828] Executing command : report_utilization -file topModuleUART_utilization_synth.rpt -pb topModuleUART_utilization_synth.pb
INFO: [Common 17-206] Exiting Vivado at Thu Apr 24 15:09:36 2025...
