Vivado Simulator v2024.2.0
Copyright 1986-2022 Xilinx, Inc. All Rights Reserved.
Copyright 2022-2024 Advanced Micro Devices, Inc. All Rights Reserved.
Running: C:/Xilinx/Vivado/2024.2/bin/unwrapped/win64.o/xelab.exe --incr --debug typical --relax --mt 2 -L xil_defaultlib -L unisims_ver -L unimacro_ver -L secureip --snapshot tb_fullRead_behav xil_defaultlib.tb_fullRead xil_defaultlib.glbl -log elaborate.log 
Using 2 slave threads.
Starting static elaboration
Pass Through NonSizing Optimizer
WARNING: [VRFC 10-5021] port 'rst' is not connected on this instance [C:/CSEE4280Workpace/final_Project/testBenches/tb_fullRead.v:46]
Completed static elaboration
Starting simulation data flow analysis
Completed simulation data flow analysis
Time Resolution for simulation is 1ps
Compiling module xil_defaultlib.baudRateRead
Compiling module xil_defaultlib.receiver_uart
Compiling module xil_defaultlib.ssd
Compiling module xil_defaultlib.read_fifo
Compiling module xil_defaultlib.singlePortRam
Compiling module xil_defaultlib.fpgaMain_read
Compiling module xil_defaultlib.tb_fullRead
Compiling module xil_defaultlib.glbl
Built simulation snapshot tb_fullRead_behav
